[2025-07-02T02:24:10.968+0000] {local_task_job_runner.py:123} INFO - ::group::Pre task execution logs
[2025-07-02T02:24:10.984+0000] {taskinstance.py:2612} INFO - Dependencies all met for dep_context=non-requeueable deps ti=<TaskInstance: extract_raw_data_pipeline.run_dbt_staging manual__2025-07-02T02:24:04.928009+00:00 [queued]>
[2025-07-02T02:24:10.994+0000] {taskinstance.py:2612} INFO - Dependencies all met for dep_context=requeueable deps ti=<TaskInstance: extract_raw_data_pipeline.run_dbt_staging manual__2025-07-02T02:24:04.928009+00:00 [queued]>
[2025-07-02T02:24:10.995+0000] {taskinstance.py:2865} INFO - Starting attempt 1 of 1
[2025-07-02T02:24:11.013+0000] {taskinstance.py:2888} INFO - Executing <Task(BashOperator): run_dbt_staging> on 2025-07-02 02:24:04.928009+00:00
[2025-07-02T02:24:11.032+0000] {warnings.py:112} WARNING - /home/***/.local/lib/python3.12/site-packages/***/task/task_runner/standard_task_runner.py:70: DeprecationWarning: This process (pid=175) is multi-threaded, use of fork() may lead to deadlocks in the child.
  pid = os.fork()

[2025-07-02T02:24:11.034+0000] {standard_task_runner.py:72} INFO - Started process 176 to run task
[2025-07-02T02:24:11.034+0000] {standard_task_runner.py:104} INFO - Running: ['***', 'tasks', 'run', 'extract_raw_data_pipeline', 'run_dbt_staging', 'manual__2025-07-02T02:24:04.928009+00:00', '--job-id', '16', '--raw', '--subdir', 'DAGS_FOLDER/driven_data_pipeline.py', '--cfg-path', '/tmp/tmpl1hfpy2o']
[2025-07-02T02:24:11.035+0000] {standard_task_runner.py:105} INFO - Job 16: Subtask run_dbt_staging
[2025-07-02T02:24:11.091+0000] {task_command.py:467} INFO - Running <TaskInstance: extract_raw_data_pipeline.run_dbt_staging manual__2025-07-02T02:24:04.928009+00:00 [running]> on host 3256dfb9308a
[2025-07-02T02:24:11.163+0000] {taskinstance.py:3131} INFO - Exporting env vars: AIRFLOW_CTX_DAG_OWNER='***' AIRFLOW_CTX_DAG_ID='extract_raw_data_pipeline' AIRFLOW_CTX_TASK_ID='run_dbt_staging' AIRFLOW_CTX_EXECUTION_DATE='2025-07-02T02:24:04.928009+00:00' AIRFLOW_CTX_TRY_NUMBER='1' AIRFLOW_CTX_DAG_RUN_ID='manual__2025-07-02T02:24:04.928009+00:00'
[2025-07-02T02:24:11.164+0000] {taskinstance.py:731} INFO - ::endgroup::
[2025-07-02T02:24:11.176+0000] {subprocess.py:63} INFO - Tmp dir root location: /tmp
[2025-07-02T02:24:11.178+0000] {subprocess.py:75} INFO - Running command: ['/usr/bin/bash', '-c', 'set -x; cd /opt/***/dbt && dbt run --select tag:staging']
[2025-07-02T02:24:11.188+0000] {subprocess.py:86} INFO - Output:
[2025-07-02T02:24:11.190+0000] {subprocess.py:93} INFO - + cd /opt/***/dbt
[2025-07-02T02:24:11.191+0000] {subprocess.py:93} INFO - + dbt run --select tag:staging
[2025-07-02T02:24:12.961+0000] {subprocess.py:93} INFO - [0m02:24:12  Running with dbt=1.8.0
[2025-07-02T02:24:13.201+0000] {subprocess.py:93} INFO - [0m02:24:13  Registered adapter: postgres=1.8.2
[2025-07-02T02:24:13.293+0000] {subprocess.py:93} INFO - [0m02:24:13  Unable to do partial parsing because saved manifest not found. Starting full parse.
[2025-07-02T02:24:14.681+0000] {subprocess.py:93} INFO - [0m02:24:14  Found 9 models, 10 sources, 428 macros
[2025-07-02T02:24:14.684+0000] {subprocess.py:93} INFO - [0m02:24:14
[2025-07-02T02:24:14.988+0000] {subprocess.py:93} INFO - [0m02:24:14  Concurrency: 1 threads (target='dev')
[2025-07-02T02:24:14.989+0000] {subprocess.py:93} INFO - [0m02:24:14
[2025-07-02T02:24:14.999+0000] {subprocess.py:93} INFO - [0m02:24:14  1 of 4 START sql table model driven_staging.dim_address ........................ [RUN]
[2025-07-02T02:24:15.163+0000] {subprocess.py:93} INFO - [0m02:24:15  1 of 4 OK created sql table model driven_staging.dim_address ................... [[32mSELECT 20[0m in 0.16s]
[2025-07-02T02:24:15.170+0000] {subprocess.py:93} INFO - [0m02:24:15  2 of 4 START sql table model driven_staging.dim_finance ........................ [RUN]
[2025-07-02T02:24:15.245+0000] {subprocess.py:93} INFO - [0m02:24:15  2 of 4 OK created sql table model driven_staging.dim_finance ................... [[32mSELECT 20[0m in 0.07s]
[2025-07-02T02:24:15.249+0000] {subprocess.py:93} INFO - [0m02:24:15  3 of 4 START sql table model driven_staging.dim_person ......................... [RUN]
[2025-07-02T02:24:15.351+0000] {subprocess.py:93} INFO - [0m02:24:15  3 of 4 OK created sql table model driven_staging.dim_person .................... [[32mSELECT 20[0m in 0.10s]
[2025-07-02T02:24:15.355+0000] {subprocess.py:93} INFO - [0m02:24:15  4 of 4 START sql table model driven_staging.fact_network_usage ................. [RUN]
[2025-07-02T02:24:15.432+0000] {subprocess.py:93} INFO - [0m02:24:15  4 of 4 OK created sql table model driven_staging.fact_network_usage ............ [[32mSELECT 20[0m in 0.07s]
[2025-07-02T02:24:15.452+0000] {subprocess.py:93} INFO - [0m02:24:15
[2025-07-02T02:24:15.453+0000] {subprocess.py:93} INFO - [0m02:24:15  Finished running 4 table models in 0 hours 0 minutes and 0.77 seconds (0.77s).
[2025-07-02T02:24:15.534+0000] {subprocess.py:93} INFO - [0m02:24:15
[2025-07-02T02:24:15.535+0000] {subprocess.py:93} INFO - [0m02:24:15  [32mCompleted successfully[0m
[2025-07-02T02:24:15.536+0000] {subprocess.py:93} INFO - [0m02:24:15
[2025-07-02T02:24:15.536+0000] {subprocess.py:93} INFO - [0m02:24:15  Done. PASS=4 WARN=0 ERROR=0 SKIP=0 TOTAL=4
[2025-07-02T02:24:16.288+0000] {subprocess.py:97} INFO - Command exited with return code 0
[2025-07-02T02:24:16.317+0000] {taskinstance.py:340} INFO - ::group::Post task execution logs
[2025-07-02T02:24:16.318+0000] {taskinstance.py:352} INFO - Marking task as SUCCESS. dag_id=extract_raw_data_pipeline, task_id=run_dbt_staging, run_id=manual__2025-07-02T02:24:04.928009+00:00, execution_date=20250702T022404, start_date=20250702T022410, end_date=20250702T022416
[2025-07-02T02:24:16.361+0000] {local_task_job_runner.py:266} INFO - Task exited with return code 0
[2025-07-02T02:24:16.383+0000] {taskinstance.py:3900} INFO - 1 downstream tasks scheduled from follow-on schedule check
[2025-07-02T02:24:16.387+0000] {local_task_job_runner.py:245} INFO - ::endgroup::
