[2025-07-01T03:38:33.984+0000] {local_task_job_runner.py:123} INFO - ::group::Pre task execution logs
[2025-07-01T03:38:34.011+0000] {taskinstance.py:2612} INFO - Dependencies all met for dep_context=non-requeueable deps ti=<TaskInstance: extract_raw_data_pipeline.extract_raw_data manual__2025-07-01T03:38:32.272479+00:00 [queued]>
[2025-07-01T03:38:34.026+0000] {taskinstance.py:2612} INFO - Dependencies all met for dep_context=requeueable deps ti=<TaskInstance: extract_raw_data_pipeline.extract_raw_data manual__2025-07-01T03:38:32.272479+00:00 [queued]>
[2025-07-01T03:38:34.028+0000] {taskinstance.py:2865} INFO - Starting attempt 1 of 1
[2025-07-01T03:38:34.054+0000] {taskinstance.py:2888} INFO - Executing <Task(PythonOperator): extract_raw_data> on 2025-07-01 03:38:32.272479+00:00
[2025-07-01T03:38:34.063+0000] {warnings.py:112} WARNING - /home/***/.local/lib/python3.12/site-packages/***/task/task_runner/standard_task_runner.py:70: DeprecationWarning: This process (pid=2123) is multi-threaded, use of fork() may lead to deadlocks in the child.
  pid = os.fork()

[2025-07-01T03:38:34.068+0000] {standard_task_runner.py:72} INFO - Started process 2127 to run task
[2025-07-01T03:38:34.067+0000] {standard_task_runner.py:104} INFO - Running: ['***', 'tasks', 'run', 'extract_raw_data_pipeline', 'extract_raw_data', 'manual__2025-07-01T03:38:32.272479+00:00', '--job-id', '14', '--raw', '--subdir', 'DAGS_FOLDER/driven_data_pipeline.py', '--cfg-path', '/tmp/tmphxk9kp3a']
[2025-07-01T03:38:34.070+0000] {standard_task_runner.py:105} INFO - Job 14: Subtask extract_raw_data
[2025-07-01T03:38:34.168+0000] {task_command.py:467} INFO - Running <TaskInstance: extract_raw_data_pipeline.extract_raw_data manual__2025-07-01T03:38:32.272479+00:00 [running]> on host 8eddfe292772
[2025-07-01T03:38:34.311+0000] {taskinstance.py:3131} INFO - Exporting env vars: AIRFLOW_CTX_DAG_OWNER='***' AIRFLOW_CTX_DAG_ID='extract_raw_data_pipeline' AIRFLOW_CTX_TASK_ID='extract_raw_data' AIRFLOW_CTX_EXECUTION_DATE='2025-07-01T03:38:32.272479+00:00' AIRFLOW_CTX_TRY_NUMBER='1' AIRFLOW_CTX_DAG_RUN_ID='manual__2025-07-01T03:38:32.272479+00:00'
[2025-07-01T03:38:34.314+0000] {taskinstance.py:731} INFO - ::endgroup::
[2025-07-01T03:38:34.340+0000] {logging_mixin.py:190} INFO - Extrayendo y guardando datos...
[2025-07-01T03:38:34.341+0000] {python.py:240} INFO - Done. Returned value was: None
[2025-07-01T03:38:34.363+0000] {taskinstance.py:340} INFO - ::group::Post task execution logs
[2025-07-01T03:38:34.364+0000] {taskinstance.py:352} INFO - Marking task as SUCCESS. dag_id=extract_raw_data_pipeline, task_id=extract_raw_data, run_id=manual__2025-07-01T03:38:32.272479+00:00, execution_date=20250701T033832, start_date=20250701T033834, end_date=20250701T033834
[2025-07-01T03:38:34.413+0000] {local_task_job_runner.py:266} INFO - Task exited with return code 0
[2025-07-01T03:38:34.435+0000] {warnings.py:112} WARNING - /home/***/.local/lib/python3.12/site-packages/***/models/baseoperator.py:1378: AirflowProviderDeprecationWarning: Call to deprecated class PostgresOperator. (Please use `***.providers.common.sql.operators.sql.SQLExecuteQueryOperator`.Also, you can provide `hook_params={'schema': <database>}`.)
  result = cls.__new__(cls)

[2025-07-01T03:38:34.472+0000] {taskinstance.py:3900} INFO - 1 downstream tasks scheduled from follow-on schedule check
[2025-07-01T03:38:34.477+0000] {local_task_job_runner.py:245} INFO - ::endgroup::
