[2025-07-02T18:01:00.088+0000] {local_task_job_runner.py:123} INFO - ::group::Pre task execution logs
[2025-07-02T18:01:00.223+0000] {taskinstance.py:2612} INFO - Dependencies all met for dep_context=non-requeueable deps ti=<TaskInstance: extract_raw_data_pipeline.run_dbt_staging scheduled__2025-07-02T07:17:00+00:00 [queued]>
[2025-07-02T18:01:00.308+0000] {taskinstance.py:2612} INFO - Dependencies all met for dep_context=requeueable deps ti=<TaskInstance: extract_raw_data_pipeline.run_dbt_staging scheduled__2025-07-02T07:17:00+00:00 [queued]>
[2025-07-02T18:01:00.332+0000] {taskinstance.py:2865} INFO - Starting attempt 1 of 1
[2025-07-02T18:01:00.601+0000] {taskinstance.py:2888} INFO - Executing <Task(BashOperator): run_dbt_staging> on 2025-07-02 07:17:00+00:00
[2025-07-02T18:01:00.688+0000] {warnings.py:112} WARNING - /home/***/.local/lib/python3.12/site-packages/***/task/task_runner/standard_task_runner.py:70: DeprecationWarning: This process (pid=1431) is multi-threaded, use of fork() may lead to deadlocks in the child.
  pid = os.fork()

[2025-07-02T18:01:00.715+0000] {standard_task_runner.py:72} INFO - Started process 1435 to run task
[2025-07-02T18:01:00.692+0000] {standard_task_runner.py:104} INFO - Running: ['***', 'tasks', 'run', 'extract_raw_data_pipeline', 'run_dbt_staging', 'scheduled__2025-07-02T07:17:00+00:00', '--job-id', '39', '--raw', '--subdir', 'DAGS_FOLDER/driven_data_pipeline.py', '--cfg-path', '/tmp/tmpdfsjwimg']
[2025-07-02T18:01:00.752+0000] {standard_task_runner.py:105} INFO - Job 39: Subtask run_dbt_staging
[2025-07-02T18:01:01.201+0000] {task_command.py:467} INFO - Running <TaskInstance: extract_raw_data_pipeline.run_dbt_staging scheduled__2025-07-02T07:17:00+00:00 [running]> on host 3256dfb9308a
[2025-07-02T18:01:01.753+0000] {taskinstance.py:3131} INFO - Exporting env vars: AIRFLOW_CTX_DAG_OWNER='***' AIRFLOW_CTX_DAG_ID='extract_raw_data_pipeline' AIRFLOW_CTX_TASK_ID='run_dbt_staging' AIRFLOW_CTX_EXECUTION_DATE='2025-07-02T07:17:00+00:00' AIRFLOW_CTX_TRY_NUMBER='1' AIRFLOW_CTX_DAG_RUN_ID='scheduled__2025-07-02T07:17:00+00:00'
[2025-07-02T18:01:01.762+0000] {taskinstance.py:731} INFO - ::endgroup::
[2025-07-02T18:01:01.942+0000] {subprocess.py:63} INFO - Tmp dir root location: /tmp
[2025-07-02T18:01:02.030+0000] {subprocess.py:75} INFO - Running command: ['/usr/bin/bash', '-c', 'set -x; cd /opt/***/dbt && dbt run --select tag:staging']
[2025-07-02T18:01:02.180+0000] {subprocess.py:86} INFO - Output:
[2025-07-02T18:01:02.234+0000] {subprocess.py:93} INFO - + cd /opt/***/dbt
[2025-07-02T18:01:02.236+0000] {subprocess.py:93} INFO - + dbt run --select tag:staging
[2025-07-02T18:01:20.371+0000] {subprocess.py:93} INFO - [0m18:01:20  Running with dbt=1.8.0
[2025-07-02T18:01:21.314+0000] {subprocess.py:93} INFO - [0m18:01:21  Registered adapter: postgres=1.8.2
[2025-07-02T18:01:22.944+0000] {subprocess.py:93} INFO - [0m18:01:22  Found 9 models, 10 sources, 428 macros
[2025-07-02T18:01:22.954+0000] {subprocess.py:93} INFO - [0m18:01:22
[2025-07-02T18:01:23.346+0000] {subprocess.py:93} INFO - [0m18:01:23  Concurrency: 1 threads (target='dev')
[2025-07-02T18:01:23.348+0000] {subprocess.py:93} INFO - [0m18:01:23
[2025-07-02T18:01:23.386+0000] {subprocess.py:93} INFO - [0m18:01:23  1 of 5 START sql table model driven_staging.dim_address ........................ [RUN]
[2025-07-02T18:01:23.921+0000] {subprocess.py:93} INFO - [0m18:01:23  1 of 5 OK created sql table model driven_staging.dim_address ................... [[32mSELECT 60[0m in 0.52s]
[2025-07-02T18:01:23.931+0000] {subprocess.py:93} INFO - [0m18:01:23  2 of 5 START sql table model driven_staging.dim_date ........................... [RUN]
[2025-07-02T18:01:24.270+0000] {subprocess.py:93} INFO - [0m18:01:24  2 of 5 OK created sql table model driven_staging.dim_date ...................... [[32mSELECT 60[0m in 0.33s]
[2025-07-02T18:01:24.284+0000] {subprocess.py:93} INFO - [0m18:01:24  3 of 5 START sql table model driven_staging.dim_finance ........................ [RUN]
[2025-07-02T18:01:24.538+0000] {subprocess.py:93} INFO - [0m18:01:24  3 of 5 OK created sql table model driven_staging.dim_finance ................... [[32mSELECT 60[0m in 0.25s]
[2025-07-02T18:01:24.554+0000] {subprocess.py:93} INFO - [0m18:01:24  4 of 5 START sql table model driven_staging.dim_person ......................... [RUN]
[2025-07-02T18:01:24.859+0000] {subprocess.py:93} INFO - [0m18:01:24  4 of 5 ERROR creating sql table model driven_staging.dim_person ................ [[31mERROR[0m in 0.30s]
[2025-07-02T18:01:24.866+0000] {subprocess.py:93} INFO - [0m18:01:24  5 of 5 START sql table model driven_staging.fact_network_usage ................. [RUN]
[2025-07-02T18:01:25.165+0000] {subprocess.py:93} INFO - [0m18:01:25  5 of 5 OK created sql table model driven_staging.fact_network_usage ............ [[32mSELECT 60[0m in 0.28s]
[2025-07-02T18:01:25.228+0000] {subprocess.py:93} INFO - [0m18:01:25
[2025-07-02T18:01:25.233+0000] {subprocess.py:93} INFO - [0m18:01:25  Finished running 5 table models in 0 hours 0 minutes and 2.27 seconds (2.27s).
[2025-07-02T18:01:25.575+0000] {subprocess.py:93} INFO - [0m18:01:25
[2025-07-02T18:01:25.577+0000] {subprocess.py:93} INFO - [0m18:01:25  [31mCompleted with 1 error and 0 warnings:[0m
[2025-07-02T18:01:25.581+0000] {subprocess.py:93} INFO - [0m18:01:25
[2025-07-02T18:01:25.583+0000] {subprocess.py:93} INFO - [0m18:01:25    Database Error in model staging_dim_person (models/staging_dim_person.sql)
[2025-07-02T18:01:25.584+0000] {subprocess.py:93} INFO -   relation "dim_person__dbt_backup" already exists
[2025-07-02T18:01:25.585+0000] {subprocess.py:93} INFO -   compiled code at target/run/dbt_driven_data/models/staging_dim_person.sql
[2025-07-02T18:01:25.587+0000] {subprocess.py:93} INFO - [0m18:01:25
[2025-07-02T18:01:25.592+0000] {subprocess.py:93} INFO - [0m18:01:25  Done. PASS=4 WARN=0 ERROR=1 SKIP=0 TOTAL=5
[2025-07-02T18:01:26.611+0000] {subprocess.py:97} INFO - Command exited with return code 1
[2025-07-02T18:01:26.655+0000] {taskinstance.py:3310} ERROR - Task failed with exception
Traceback (most recent call last):
  File "/home/airflow/.local/lib/python3.12/site-packages/airflow/models/taskinstance.py", line 767, in _execute_task
    result = _execute_callable(context=context, **execute_callable_kwargs)
             ^^^^^^^^^^^^^^^^^^^^^^^^^^^^^^^^^^^^^^^^^^^^^^^^^^^^^^^^^^^^^
  File "/home/airflow/.local/lib/python3.12/site-packages/airflow/models/taskinstance.py", line 733, in _execute_callable
    return ExecutionCallableRunner(
           ^^^^^^^^^^^^^^^^^^^^^^^^
  File "/home/airflow/.local/lib/python3.12/site-packages/airflow/utils/operator_helpers.py", line 252, in run
    return self.func(*args, **kwargs)
           ^^^^^^^^^^^^^^^^^^^^^^^^^^
  File "/home/airflow/.local/lib/python3.12/site-packages/airflow/models/baseoperator.py", line 406, in wrapper
    return func(self, *args, **kwargs)
           ^^^^^^^^^^^^^^^^^^^^^^^^^^^
  File "/home/airflow/.local/lib/python3.12/site-packages/airflow/operators/bash.py", line 249, in execute
    raise AirflowException(
airflow.exceptions.AirflowException: Bash command failed. The command returned a non-zero exit code 1.
[2025-07-02T18:01:26.670+0000] {taskinstance.py:1225} INFO - Marking task as FAILED. dag_id=extract_raw_data_pipeline, task_id=run_dbt_staging, run_id=scheduled__2025-07-02T07:17:00+00:00, execution_date=20250702T071700, start_date=20250702T180100, end_date=20250702T180126
[2025-07-02T18:01:26.712+0000] {taskinstance.py:340} INFO - ::group::Post task execution logs
[2025-07-02T18:01:26.717+0000] {standard_task_runner.py:124} ERROR - Failed to execute job 39 for task run_dbt_staging (Bash command failed. The command returned a non-zero exit code 1.; 1435)
Traceback (most recent call last):
  File "/home/airflow/.local/lib/python3.12/site-packages/airflow/task/task_runner/standard_task_runner.py", line 117, in _start_by_fork
    ret = args.func(args, dag=self.dag)
          ^^^^^^^^^^^^^^^^^^^^^^^^^^^^^
  File "/home/airflow/.local/lib/python3.12/site-packages/airflow/cli/cli_config.py", line 49, in command
    return func(*args, **kwargs)
           ^^^^^^^^^^^^^^^^^^^^^
  File "/home/airflow/.local/lib/python3.12/site-packages/airflow/utils/cli.py", line 115, in wrapper
    return f(*args, **kwargs)
           ^^^^^^^^^^^^^^^^^^
  File "/home/airflow/.local/lib/python3.12/site-packages/airflow/cli/commands/task_command.py", line 483, in task_run
    task_return_code = _run_task_by_selected_method(args, _dag, ti)
                       ^^^^^^^^^^^^^^^^^^^^^^^^^^^^^^^^^^^^^^^^^^^^
  File "/home/airflow/.local/lib/python3.12/site-packages/airflow/cli/commands/task_command.py", line 256, in _run_task_by_selected_method
    return _run_raw_task(args, ti)
           ^^^^^^^^^^^^^^^^^^^^^^^
  File "/home/airflow/.local/lib/python3.12/site-packages/airflow/cli/commands/task_command.py", line 341, in _run_raw_task
    return ti._run_raw_task(
           ^^^^^^^^^^^^^^^^^
  File "/home/airflow/.local/lib/python3.12/site-packages/airflow/utils/session.py", line 97, in wrapper
    return func(*args, session=session, **kwargs)
           ^^^^^^^^^^^^^^^^^^^^^^^^^^^^^^^^^^^^^^
  File "/home/airflow/.local/lib/python3.12/site-packages/airflow/models/taskinstance.py", line 3004, in _run_raw_task
    return _run_raw_task(
           ^^^^^^^^^^^^^^
  File "/home/airflow/.local/lib/python3.12/site-packages/airflow/models/taskinstance.py", line 273, in _run_raw_task
    TaskInstance._execute_task_with_callbacks(
  File "/home/airflow/.local/lib/python3.12/site-packages/airflow/models/taskinstance.py", line 3158, in _execute_task_with_callbacks
    result = self._execute_task(context, task_orig)
             ^^^^^^^^^^^^^^^^^^^^^^^^^^^^^^^^^^^^^^
  File "/home/airflow/.local/lib/python3.12/site-packages/airflow/models/taskinstance.py", line 3182, in _execute_task
    return _execute_task(self, context, task_orig)
           ^^^^^^^^^^^^^^^^^^^^^^^^^^^^^^^^^^^^^^^
  File "/home/airflow/.local/lib/python3.12/site-packages/airflow/models/taskinstance.py", line 767, in _execute_task
    result = _execute_callable(context=context, **execute_callable_kwargs)
             ^^^^^^^^^^^^^^^^^^^^^^^^^^^^^^^^^^^^^^^^^^^^^^^^^^^^^^^^^^^^^
  File "/home/airflow/.local/lib/python3.12/site-packages/airflow/models/taskinstance.py", line 733, in _execute_callable
    return ExecutionCallableRunner(
           ^^^^^^^^^^^^^^^^^^^^^^^^
  File "/home/airflow/.local/lib/python3.12/site-packages/airflow/utils/operator_helpers.py", line 252, in run
    return self.func(*args, **kwargs)
           ^^^^^^^^^^^^^^^^^^^^^^^^^^
  File "/home/airflow/.local/lib/python3.12/site-packages/airflow/models/baseoperator.py", line 406, in wrapper
    return func(self, *args, **kwargs)
           ^^^^^^^^^^^^^^^^^^^^^^^^^^^
  File "/home/airflow/.local/lib/python3.12/site-packages/airflow/operators/bash.py", line 249, in execute
    raise AirflowException(
airflow.exceptions.AirflowException: Bash command failed. The command returned a non-zero exit code 1.
[2025-07-02T18:01:26.767+0000] {local_task_job_runner.py:266} INFO - Task exited with return code 1
[2025-07-02T18:01:26.821+0000] {taskinstance.py:3900} INFO - 0 downstream tasks scheduled from follow-on schedule check
[2025-07-02T18:01:26.861+0000] {local_task_job_runner.py:245} INFO - ::endgroup::
