[2025-07-02T03:25:04.550+0000] {local_task_job_runner.py:123} INFO - ::group::Pre task execution logs
[2025-07-02T03:25:04.568+0000] {taskinstance.py:2612} INFO - Dependencies all met for dep_context=non-requeueable deps ti=<TaskInstance: extract_raw_data_pipeline.run_dbt_trusted manual__2025-07-02T03:24:53.098791+00:00 [queued]>
[2025-07-02T03:25:04.578+0000] {taskinstance.py:2612} INFO - Dependencies all met for dep_context=requeueable deps ti=<TaskInstance: extract_raw_data_pipeline.run_dbt_trusted manual__2025-07-02T03:24:53.098791+00:00 [queued]>
[2025-07-02T03:25:04.580+0000] {taskinstance.py:2865} INFO - Starting attempt 1 of 1
[2025-07-02T03:25:04.595+0000] {taskinstance.py:2888} INFO - Executing <Task(BashOperator): run_dbt_trusted> on 2025-07-02 03:24:53.098791+00:00
[2025-07-02T03:25:04.602+0000] {warnings.py:112} WARNING - /home/***/.local/lib/python3.12/site-packages/***/task/task_runner/standard_task_runner.py:70: DeprecationWarning: This process (pid=1082) is multi-threaded, use of fork() may lead to deadlocks in the child.
  pid = os.fork()

[2025-07-02T03:25:04.604+0000] {standard_task_runner.py:72} INFO - Started process 1083 to run task
[2025-07-02T03:25:04.604+0000] {standard_task_runner.py:104} INFO - Running: ['***', 'tasks', 'run', 'extract_raw_data_pipeline', 'run_dbt_trusted', 'manual__2025-07-02T03:24:53.098791+00:00', '--job-id', '29', '--raw', '--subdir', 'DAGS_FOLDER/driven_data_pipeline.py', '--cfg-path', '/tmp/tmpabk1tbnv']
[2025-07-02T03:25:04.605+0000] {standard_task_runner.py:105} INFO - Job 29: Subtask run_dbt_trusted
[2025-07-02T03:25:04.660+0000] {task_command.py:467} INFO - Running <TaskInstance: extract_raw_data_pipeline.run_dbt_trusted manual__2025-07-02T03:24:53.098791+00:00 [running]> on host 3256dfb9308a
[2025-07-02T03:25:04.747+0000] {taskinstance.py:3131} INFO - Exporting env vars: AIRFLOW_CTX_DAG_OWNER='***' AIRFLOW_CTX_DAG_ID='extract_raw_data_pipeline' AIRFLOW_CTX_TASK_ID='run_dbt_trusted' AIRFLOW_CTX_EXECUTION_DATE='2025-07-02T03:24:53.098791+00:00' AIRFLOW_CTX_TRY_NUMBER='1' AIRFLOW_CTX_DAG_RUN_ID='manual__2025-07-02T03:24:53.098791+00:00'
[2025-07-02T03:25:04.749+0000] {taskinstance.py:731} INFO - ::endgroup::
[2025-07-02T03:25:04.762+0000] {subprocess.py:63} INFO - Tmp dir root location: /tmp
[2025-07-02T03:25:04.765+0000] {subprocess.py:75} INFO - Running command: ['/usr/bin/bash', '-c', 'set -x; cd /opt/***/dbt && dbt run --select tag:trusted']
[2025-07-02T03:25:04.776+0000] {subprocess.py:86} INFO - Output:
[2025-07-02T03:25:04.778+0000] {subprocess.py:93} INFO - + cd /opt/***/dbt
[2025-07-02T03:25:04.779+0000] {subprocess.py:93} INFO - + dbt run --select tag:trusted
[2025-07-02T03:25:06.740+0000] {subprocess.py:93} INFO - [0m03:25:06  Running with dbt=1.8.0
[2025-07-02T03:25:07.021+0000] {subprocess.py:93} INFO - [0m03:25:07  Registered adapter: postgres=1.8.2
[2025-07-02T03:25:07.497+0000] {subprocess.py:93} INFO - [0m03:25:07  Found 9 models, 10 sources, 428 macros
[2025-07-02T03:25:07.501+0000] {subprocess.py:93} INFO - [0m03:25:07
[2025-07-02T03:25:07.629+0000] {subprocess.py:93} INFO - [0m03:25:07  Concurrency: 1 threads (target='dev')
[2025-07-02T03:25:07.631+0000] {subprocess.py:93} INFO - [0m03:25:07
[2025-07-02T03:25:07.642+0000] {subprocess.py:93} INFO - [0m03:25:07  1 of 4 START sql table model driven_trusted.non_pii_data ....................... [RUN]
[2025-07-02T03:25:07.793+0000] {subprocess.py:93} INFO - [0m03:25:07  1 of 4 OK created sql table model driven_trusted.non_pii_data .................. [[32mSELECT 40[0m in 0.15s]
[2025-07-02T03:25:07.797+0000] {subprocess.py:93} INFO - [0m03:25:07  2 of 4 START sql table model driven_trusted.payment_data ....................... [RUN]
[2025-07-02T03:25:07.882+0000] {subprocess.py:93} INFO - [0m03:25:07  2 of 4 OK created sql table model driven_trusted.payment_data .................. [[32mSELECT 40[0m in 0.08s]
[2025-07-02T03:25:07.885+0000] {subprocess.py:93} INFO - [0m03:25:07  3 of 4 START sql table model driven_trusted.pii_data ........................... [RUN]
[2025-07-02T03:25:07.969+0000] {subprocess.py:93} INFO - [0m03:25:07  3 of 4 OK created sql table model driven_trusted.pii_data ...................... [[32mSELECT 40[0m in 0.08s]
[2025-07-02T03:25:07.973+0000] {subprocess.py:93} INFO - [0m03:25:07  4 of 4 START sql table model driven_trusted.technical_data ..................... [RUN]
[2025-07-02T03:25:08.063+0000] {subprocess.py:93} INFO - [0m03:25:08  4 of 4 OK created sql table model driven_trusted.technical_data ................ [[32mSELECT 40[0m in 0.09s]
[2025-07-02T03:25:08.081+0000] {subprocess.py:93} INFO - [0m03:25:08
[2025-07-02T03:25:08.082+0000] {subprocess.py:93} INFO - [0m03:25:08  Finished running 4 table models in 0 hours 0 minutes and 0.58 seconds (0.58s).
[2025-07-02T03:25:08.138+0000] {subprocess.py:93} INFO - [0m03:25:08
[2025-07-02T03:25:08.139+0000] {subprocess.py:93} INFO - [0m03:25:08  [32mCompleted successfully[0m
[2025-07-02T03:25:08.140+0000] {subprocess.py:93} INFO - [0m03:25:08
[2025-07-02T03:25:08.141+0000] {subprocess.py:93} INFO - [0m03:25:08  Done. PASS=4 WARN=0 ERROR=0 SKIP=0 TOTAL=4
[2025-07-02T03:25:08.778+0000] {subprocess.py:97} INFO - Command exited with return code 0
[2025-07-02T03:25:08.808+0000] {taskinstance.py:340} INFO - ::group::Post task execution logs
[2025-07-02T03:25:08.809+0000] {taskinstance.py:352} INFO - Marking task as SUCCESS. dag_id=extract_raw_data_pipeline, task_id=run_dbt_trusted, run_id=manual__2025-07-02T03:24:53.098791+00:00, execution_date=20250702T032453, start_date=20250702T032504, end_date=20250702T032508
[2025-07-02T03:25:08.844+0000] {local_task_job_runner.py:266} INFO - Task exited with return code 0
[2025-07-02T03:25:08.862+0000] {taskinstance.py:3900} INFO - 0 downstream tasks scheduled from follow-on schedule check
[2025-07-02T03:25:08.867+0000] {local_task_job_runner.py:245} INFO - ::endgroup::
