[2025-07-02T18:01:30.785+0000] {local_task_job_runner.py:123} INFO - ::group::Pre task execution logs
[2025-07-02T18:01:30.840+0000] {taskinstance.py:2612} INFO - Dependencies all met for dep_context=non-requeueable deps ti=<TaskInstance: extract_raw_data_pipeline.run_dbt_staging scheduled__2025-07-02T07:58:00+00:00 [queued]>
[2025-07-02T18:01:30.859+0000] {taskinstance.py:2612} INFO - Dependencies all met for dep_context=requeueable deps ti=<TaskInstance: extract_raw_data_pipeline.run_dbt_staging scheduled__2025-07-02T07:58:00+00:00 [queued]>
[2025-07-02T18:01:30.874+0000] {taskinstance.py:2865} INFO - Starting attempt 1 of 1
[2025-07-02T18:01:30.907+0000] {taskinstance.py:2888} INFO - Executing <Task(BashOperator): run_dbt_staging> on 2025-07-02 07:58:00+00:00
[2025-07-02T18:01:30.921+0000] {warnings.py:112} WARNING - /home/***/.local/lib/python3.12/site-packages/***/task/task_runner/standard_task_runner.py:70: DeprecationWarning: This process (pid=1489) is multi-threaded, use of fork() may lead to deadlocks in the child.
  pid = os.fork()

[2025-07-02T18:01:30.927+0000] {standard_task_runner.py:72} INFO - Started process 1491 to run task
[2025-07-02T18:01:30.927+0000] {standard_task_runner.py:104} INFO - Running: ['***', 'tasks', 'run', 'extract_raw_data_pipeline', 'run_dbt_staging', 'scheduled__2025-07-02T07:58:00+00:00', '--job-id', '49', '--raw', '--subdir', 'DAGS_FOLDER/driven_data_pipeline.py', '--cfg-path', '/tmp/tmpcr6k_b6n']
[2025-07-02T18:01:30.930+0000] {standard_task_runner.py:105} INFO - Job 49: Subtask run_dbt_staging
[2025-07-02T18:01:31.020+0000] {task_command.py:467} INFO - Running <TaskInstance: extract_raw_data_pipeline.run_dbt_staging scheduled__2025-07-02T07:58:00+00:00 [running]> on host 3256dfb9308a
[2025-07-02T18:01:31.192+0000] {taskinstance.py:3131} INFO - Exporting env vars: AIRFLOW_CTX_DAG_OWNER='***' AIRFLOW_CTX_DAG_ID='extract_raw_data_pipeline' AIRFLOW_CTX_TASK_ID='run_dbt_staging' AIRFLOW_CTX_EXECUTION_DATE='2025-07-02T07:58:00+00:00' AIRFLOW_CTX_TRY_NUMBER='1' AIRFLOW_CTX_DAG_RUN_ID='scheduled__2025-07-02T07:58:00+00:00'
[2025-07-02T18:01:31.194+0000] {taskinstance.py:731} INFO - ::endgroup::
[2025-07-02T18:01:31.220+0000] {subprocess.py:63} INFO - Tmp dir root location: /tmp
[2025-07-02T18:01:31.222+0000] {subprocess.py:75} INFO - Running command: ['/usr/bin/bash', '-c', 'set -x; cd /opt/***/dbt && dbt run --select tag:staging']
[2025-07-02T18:01:31.237+0000] {subprocess.py:86} INFO - Output:
[2025-07-02T18:01:31.244+0000] {subprocess.py:93} INFO - + cd /opt/***/dbt
[2025-07-02T18:01:31.245+0000] {subprocess.py:93} INFO - + dbt run --select tag:staging
[2025-07-02T18:01:36.776+0000] {subprocess.py:93} INFO - [0m18:01:36  Running with dbt=1.8.0
[2025-07-02T18:01:37.288+0000] {subprocess.py:93} INFO - [0m18:01:37  Registered adapter: postgres=1.8.2
[2025-07-02T18:01:38.298+0000] {subprocess.py:93} INFO - [0m18:01:38  Found 9 models, 10 sources, 428 macros
[2025-07-02T18:01:38.304+0000] {subprocess.py:93} INFO - [0m18:01:38
[2025-07-02T18:01:38.650+0000] {subprocess.py:93} INFO - [0m18:01:38  Concurrency: 1 threads (target='dev')
[2025-07-02T18:01:38.651+0000] {subprocess.py:93} INFO - [0m18:01:38
[2025-07-02T18:01:38.681+0000] {subprocess.py:93} INFO - [0m18:01:38  1 of 5 START sql table model driven_staging.dim_address ........................ [RUN]
[2025-07-02T18:01:38.974+0000] {subprocess.py:93} INFO - [0m18:01:38  1 of 5 OK created sql table model driven_staging.dim_address ................... [[32mSELECT 80[0m in 0.29s]
[2025-07-02T18:01:38.981+0000] {subprocess.py:93} INFO - [0m18:01:38  2 of 5 START sql table model driven_staging.dim_date ........................... [RUN]
[2025-07-02T18:01:39.177+0000] {subprocess.py:93} INFO - [0m18:01:39  2 of 5 ERROR creating sql table model driven_staging.dim_date .................. [[31mERROR[0m in 0.19s]
[2025-07-02T18:01:39.192+0000] {subprocess.py:93} INFO - [0m18:01:39  3 of 5 START sql table model driven_staging.dim_finance ........................ [RUN]
[2025-07-02T18:01:39.400+0000] {subprocess.py:93} INFO - [0m18:01:39  3 of 5 OK created sql table model driven_staging.dim_finance ................... [[32mSELECT 80[0m in 0.20s]
[2025-07-02T18:01:39.415+0000] {subprocess.py:93} INFO - [0m18:01:39  4 of 5 START sql table model driven_staging.dim_person ......................... [RUN]
[2025-07-02T18:01:39.627+0000] {subprocess.py:93} INFO - [0m18:01:39  4 of 5 OK created sql table model driven_staging.dim_person .................... [[32mSELECT 80[0m in 0.20s]
[2025-07-02T18:01:39.633+0000] {subprocess.py:93} INFO - [0m18:01:39  5 of 5 START sql table model driven_staging.fact_network_usage ................. [RUN]
[2025-07-02T18:01:39.756+0000] {subprocess.py:93} INFO - [0m18:01:39  5 of 5 ERROR creating sql table model driven_staging.fact_network_usage ........ [[31mERROR[0m in 0.12s]
[2025-07-02T18:01:39.793+0000] {subprocess.py:93} INFO - [0m18:01:39
[2025-07-02T18:01:39.795+0000] {subprocess.py:93} INFO - [0m18:01:39  Finished running 5 table models in 0 hours 0 minutes and 1.49 seconds (1.49s).
[2025-07-02T18:01:39.923+0000] {subprocess.py:93} INFO - [0m18:01:39
[2025-07-02T18:01:39.925+0000] {subprocess.py:93} INFO - [0m18:01:39  [31mCompleted with 2 errors and 0 warnings:[0m
[2025-07-02T18:01:39.927+0000] {subprocess.py:93} INFO - [0m18:01:39
[2025-07-02T18:01:39.928+0000] {subprocess.py:93} INFO - [0m18:01:39    Database Error in model staging_dim_date (models/staging_dim_date.sql)
[2025-07-02T18:01:39.929+0000] {subprocess.py:93} INFO -   relation "dim_date__dbt_backup" already exists
[2025-07-02T18:01:39.930+0000] {subprocess.py:93} INFO -   compiled code at target/run/dbt_driven_data/models/staging_dim_date.sql
[2025-07-02T18:01:39.931+0000] {subprocess.py:93} INFO - [0m18:01:39
[2025-07-02T18:01:39.932+0000] {subprocess.py:93} INFO - [0m18:01:39    Database Error in model staging_fact_network_usage (models/staging_fact_network_usage.sql)
[2025-07-02T18:01:39.933+0000] {subprocess.py:93} INFO -   relation "fact_network_usage__dbt_backup" already exists
[2025-07-02T18:01:39.934+0000] {subprocess.py:93} INFO -   compiled code at target/run/dbt_driven_data/models/staging_fact_network_usage.sql
[2025-07-02T18:01:39.935+0000] {subprocess.py:93} INFO - [0m18:01:39
[2025-07-02T18:01:39.936+0000] {subprocess.py:93} INFO - [0m18:01:39  Done. PASS=3 WARN=0 ERROR=2 SKIP=0 TOTAL=5
[2025-07-02T18:01:40.727+0000] {subprocess.py:97} INFO - Command exited with return code 1
[2025-07-02T18:01:40.754+0000] {taskinstance.py:3310} ERROR - Task failed with exception
Traceback (most recent call last):
  File "/home/airflow/.local/lib/python3.12/site-packages/airflow/models/taskinstance.py", line 767, in _execute_task
    result = _execute_callable(context=context, **execute_callable_kwargs)
             ^^^^^^^^^^^^^^^^^^^^^^^^^^^^^^^^^^^^^^^^^^^^^^^^^^^^^^^^^^^^^
  File "/home/airflow/.local/lib/python3.12/site-packages/airflow/models/taskinstance.py", line 733, in _execute_callable
    return ExecutionCallableRunner(
           ^^^^^^^^^^^^^^^^^^^^^^^^
  File "/home/airflow/.local/lib/python3.12/site-packages/airflow/utils/operator_helpers.py", line 252, in run
    return self.func(*args, **kwargs)
           ^^^^^^^^^^^^^^^^^^^^^^^^^^
  File "/home/airflow/.local/lib/python3.12/site-packages/airflow/models/baseoperator.py", line 406, in wrapper
    return func(self, *args, **kwargs)
           ^^^^^^^^^^^^^^^^^^^^^^^^^^^
  File "/home/airflow/.local/lib/python3.12/site-packages/airflow/operators/bash.py", line 249, in execute
    raise AirflowException(
airflow.exceptions.AirflowException: Bash command failed. The command returned a non-zero exit code 1.
[2025-07-02T18:01:40.765+0000] {taskinstance.py:1225} INFO - Marking task as FAILED. dag_id=extract_raw_data_pipeline, task_id=run_dbt_staging, run_id=scheduled__2025-07-02T07:58:00+00:00, execution_date=20250702T075800, start_date=20250702T180130, end_date=20250702T180140
[2025-07-02T18:01:40.798+0000] {taskinstance.py:340} INFO - ::group::Post task execution logs
[2025-07-02T18:01:40.803+0000] {standard_task_runner.py:124} ERROR - Failed to execute job 49 for task run_dbt_staging (Bash command failed. The command returned a non-zero exit code 1.; 1491)
Traceback (most recent call last):
  File "/home/airflow/.local/lib/python3.12/site-packages/airflow/task/task_runner/standard_task_runner.py", line 117, in _start_by_fork
    ret = args.func(args, dag=self.dag)
          ^^^^^^^^^^^^^^^^^^^^^^^^^^^^^
  File "/home/airflow/.local/lib/python3.12/site-packages/airflow/cli/cli_config.py", line 49, in command
    return func(*args, **kwargs)
           ^^^^^^^^^^^^^^^^^^^^^
  File "/home/airflow/.local/lib/python3.12/site-packages/airflow/utils/cli.py", line 115, in wrapper
    return f(*args, **kwargs)
           ^^^^^^^^^^^^^^^^^^
  File "/home/airflow/.local/lib/python3.12/site-packages/airflow/cli/commands/task_command.py", line 483, in task_run
    task_return_code = _run_task_by_selected_method(args, _dag, ti)
                       ^^^^^^^^^^^^^^^^^^^^^^^^^^^^^^^^^^^^^^^^^^^^
  File "/home/airflow/.local/lib/python3.12/site-packages/airflow/cli/commands/task_command.py", line 256, in _run_task_by_selected_method
    return _run_raw_task(args, ti)
           ^^^^^^^^^^^^^^^^^^^^^^^
  File "/home/airflow/.local/lib/python3.12/site-packages/airflow/cli/commands/task_command.py", line 341, in _run_raw_task
    return ti._run_raw_task(
           ^^^^^^^^^^^^^^^^^
  File "/home/airflow/.local/lib/python3.12/site-packages/airflow/utils/session.py", line 97, in wrapper
    return func(*args, session=session, **kwargs)
           ^^^^^^^^^^^^^^^^^^^^^^^^^^^^^^^^^^^^^^
  File "/home/airflow/.local/lib/python3.12/site-packages/airflow/models/taskinstance.py", line 3004, in _run_raw_task
    return _run_raw_task(
           ^^^^^^^^^^^^^^
  File "/home/airflow/.local/lib/python3.12/site-packages/airflow/models/taskinstance.py", line 273, in _run_raw_task
    TaskInstance._execute_task_with_callbacks(
  File "/home/airflow/.local/lib/python3.12/site-packages/airflow/models/taskinstance.py", line 3158, in _execute_task_with_callbacks
    result = self._execute_task(context, task_orig)
             ^^^^^^^^^^^^^^^^^^^^^^^^^^^^^^^^^^^^^^
  File "/home/airflow/.local/lib/python3.12/site-packages/airflow/models/taskinstance.py", line 3182, in _execute_task
    return _execute_task(self, context, task_orig)
           ^^^^^^^^^^^^^^^^^^^^^^^^^^^^^^^^^^^^^^^
  File "/home/airflow/.local/lib/python3.12/site-packages/airflow/models/taskinstance.py", line 767, in _execute_task
    result = _execute_callable(context=context, **execute_callable_kwargs)
             ^^^^^^^^^^^^^^^^^^^^^^^^^^^^^^^^^^^^^^^^^^^^^^^^^^^^^^^^^^^^^
  File "/home/airflow/.local/lib/python3.12/site-packages/airflow/models/taskinstance.py", line 733, in _execute_callable
    return ExecutionCallableRunner(
           ^^^^^^^^^^^^^^^^^^^^^^^^
  File "/home/airflow/.local/lib/python3.12/site-packages/airflow/utils/operator_helpers.py", line 252, in run
    return self.func(*args, **kwargs)
           ^^^^^^^^^^^^^^^^^^^^^^^^^^
  File "/home/airflow/.local/lib/python3.12/site-packages/airflow/models/baseoperator.py", line 406, in wrapper
    return func(self, *args, **kwargs)
           ^^^^^^^^^^^^^^^^^^^^^^^^^^^
  File "/home/airflow/.local/lib/python3.12/site-packages/airflow/operators/bash.py", line 249, in execute
    raise AirflowException(
airflow.exceptions.AirflowException: Bash command failed. The command returned a non-zero exit code 1.
[2025-07-02T18:01:40.845+0000] {local_task_job_runner.py:266} INFO - Task exited with return code 1
[2025-07-02T18:01:40.899+0000] {taskinstance.py:3900} INFO - 0 downstream tasks scheduled from follow-on schedule check
[2025-07-02T18:01:40.908+0000] {local_task_job_runner.py:245} INFO - ::endgroup::
[2025-07-02T18:01:40.930+0000] {standard_task_runner.py:217} INFO - Process not found (most likely exited), stop collecting metrics
