[2025-07-02T02:52:07.619+0000] {local_task_job_runner.py:123} INFO - ::group::Pre task execution logs
[2025-07-02T02:52:07.636+0000] {taskinstance.py:2612} INFO - Dependencies all met for dep_context=non-requeueable deps ti=<TaskInstance: extract_raw_data_pipeline.run_dbt_staging manual__2025-07-02T02:52:01.728590+00:00 [queued]>
[2025-07-02T02:52:07.644+0000] {taskinstance.py:2612} INFO - Dependencies all met for dep_context=requeueable deps ti=<TaskInstance: extract_raw_data_pipeline.run_dbt_staging manual__2025-07-02T02:52:01.728590+00:00 [queued]>
[2025-07-02T02:52:07.646+0000] {taskinstance.py:2865} INFO - Starting attempt 1 of 1
[2025-07-02T02:52:07.660+0000] {taskinstance.py:2888} INFO - Executing <Task(BashOperator): run_dbt_staging> on 2025-07-02 02:52:01.728590+00:00
[2025-07-02T02:52:07.666+0000] {warnings.py:112} WARNING - /home/***/.local/lib/python3.12/site-packages/***/task/task_runner/standard_task_runner.py:70: DeprecationWarning: This process (pid=587) is multi-threaded, use of fork() may lead to deadlocks in the child.
  pid = os.fork()

[2025-07-02T02:52:07.669+0000] {standard_task_runner.py:72} INFO - Started process 588 to run task
[2025-07-02T02:52:07.668+0000] {standard_task_runner.py:104} INFO - Running: ['***', 'tasks', 'run', 'extract_raw_data_pipeline', 'run_dbt_staging', 'manual__2025-07-02T02:52:01.728590+00:00', '--job-id', '22', '--raw', '--subdir', 'DAGS_FOLDER/driven_data_pipeline.py', '--cfg-path', '/tmp/tmpy2hndvtw']
[2025-07-02T02:52:07.670+0000] {standard_task_runner.py:105} INFO - Job 22: Subtask run_dbt_staging
[2025-07-02T02:52:07.722+0000] {task_command.py:467} INFO - Running <TaskInstance: extract_raw_data_pipeline.run_dbt_staging manual__2025-07-02T02:52:01.728590+00:00 [running]> on host 3256dfb9308a
[2025-07-02T02:52:07.797+0000] {taskinstance.py:3131} INFO - Exporting env vars: AIRFLOW_CTX_DAG_OWNER='***' AIRFLOW_CTX_DAG_ID='extract_raw_data_pipeline' AIRFLOW_CTX_TASK_ID='run_dbt_staging' AIRFLOW_CTX_EXECUTION_DATE='2025-07-02T02:52:01.728590+00:00' AIRFLOW_CTX_TRY_NUMBER='1' AIRFLOW_CTX_DAG_RUN_ID='manual__2025-07-02T02:52:01.728590+00:00'
[2025-07-02T02:52:07.799+0000] {taskinstance.py:731} INFO - ::endgroup::
[2025-07-02T02:52:07.812+0000] {subprocess.py:63} INFO - Tmp dir root location: /tmp
[2025-07-02T02:52:07.814+0000] {subprocess.py:75} INFO - Running command: ['/usr/bin/bash', '-c', 'set -x; cd /opt/***/dbt && dbt run --select tag:staging']
[2025-07-02T02:52:07.823+0000] {subprocess.py:86} INFO - Output:
[2025-07-02T02:52:07.827+0000] {subprocess.py:93} INFO - + cd /opt/***/dbt
[2025-07-02T02:52:07.828+0000] {subprocess.py:93} INFO - + dbt run --select tag:staging
[2025-07-02T02:52:09.662+0000] {subprocess.py:93} INFO - [0m02:52:09  Running with dbt=1.8.0
[2025-07-02T02:52:09.915+0000] {subprocess.py:93} INFO - [0m02:52:09  Registered adapter: postgres=1.8.2
[2025-07-02T02:52:10.389+0000] {subprocess.py:93} INFO - [0m02:52:10  Found 9 models, 10 sources, 428 macros
[2025-07-02T02:52:10.393+0000] {subprocess.py:93} INFO - [0m02:52:10
[2025-07-02T02:52:10.542+0000] {subprocess.py:93} INFO - [0m02:52:10  Concurrency: 1 threads (target='dev')
[2025-07-02T02:52:10.544+0000] {subprocess.py:93} INFO - [0m02:52:10
[2025-07-02T02:52:10.556+0000] {subprocess.py:93} INFO - [0m02:52:10  1 of 4 START sql table model driven_staging.dim_address ........................ [RUN]
[2025-07-02T02:52:10.712+0000] {subprocess.py:93} INFO - [0m02:52:10  1 of 4 OK created sql table model driven_staging.dim_address ................... [[32mSELECT 30[0m in 0.15s]
[2025-07-02T02:52:10.716+0000] {subprocess.py:93} INFO - [0m02:52:10  2 of 4 START sql table model driven_staging.dim_finance ........................ [RUN]
[2025-07-02T02:52:10.796+0000] {subprocess.py:93} INFO - [0m02:52:10  2 of 4 OK created sql table model driven_staging.dim_finance ................... [[32mSELECT 30[0m in 0.08s]
[2025-07-02T02:52:10.800+0000] {subprocess.py:93} INFO - [0m02:52:10  3 of 4 START sql table model driven_staging.dim_person ......................... [RUN]
[2025-07-02T02:52:10.891+0000] {subprocess.py:93} INFO - [0m02:52:10  3 of 4 OK created sql table model driven_staging.dim_person .................... [[32mSELECT 30[0m in 0.09s]
[2025-07-02T02:52:10.894+0000] {subprocess.py:93} INFO - [0m02:52:10  4 of 4 START sql table model driven_staging.fact_network_usage ................. [RUN]
[2025-07-02T02:52:10.982+0000] {subprocess.py:93} INFO - [0m02:52:10  4 of 4 OK created sql table model driven_staging.fact_network_usage ............ [[32mSELECT 30[0m in 0.09s]
[2025-07-02T02:52:10.999+0000] {subprocess.py:93} INFO - [0m02:52:10
[2025-07-02T02:52:11.000+0000] {subprocess.py:93} INFO - [0m02:52:11  Finished running 4 table models in 0 hours 0 minutes and 0.60 seconds (0.60s).
[2025-07-02T02:52:11.064+0000] {subprocess.py:93} INFO - [0m02:52:11
[2025-07-02T02:52:11.065+0000] {subprocess.py:93} INFO - [0m02:52:11  [32mCompleted successfully[0m
[2025-07-02T02:52:11.066+0000] {subprocess.py:93} INFO - [0m02:52:11
[2025-07-02T02:52:11.067+0000] {subprocess.py:93} INFO - [0m02:52:11  Done. PASS=4 WARN=0 ERROR=0 SKIP=0 TOTAL=4
[2025-07-02T02:52:11.855+0000] {subprocess.py:97} INFO - Command exited with return code 0
[2025-07-02T02:52:11.886+0000] {taskinstance.py:340} INFO - ::group::Post task execution logs
[2025-07-02T02:52:11.887+0000] {taskinstance.py:352} INFO - Marking task as SUCCESS. dag_id=extract_raw_data_pipeline, task_id=run_dbt_staging, run_id=manual__2025-07-02T02:52:01.728590+00:00, execution_date=20250702T025201, start_date=20250702T025207, end_date=20250702T025211
[2025-07-02T02:52:11.908+0000] {local_task_job_runner.py:266} INFO - Task exited with return code 0
[2025-07-02T02:52:11.930+0000] {taskinstance.py:3900} INFO - 1 downstream tasks scheduled from follow-on schedule check
[2025-07-02T02:52:11.934+0000] {local_task_job_runner.py:245} INFO - ::endgroup::
