[2025-07-01T03:40:23.787+0000] {local_task_job_runner.py:123} INFO - ::group::Pre task execution logs
[2025-07-01T03:40:23.819+0000] {taskinstance.py:2612} INFO - Dependencies all met for dep_context=non-requeueable deps ti=<TaskInstance: extract_raw_data_pipeline.extract_raw_data manual__2025-07-01T03:40:22.035591+00:00 [queued]>
[2025-07-01T03:40:23.834+0000] {taskinstance.py:2612} INFO - Dependencies all met for dep_context=requeueable deps ti=<TaskInstance: extract_raw_data_pipeline.extract_raw_data manual__2025-07-01T03:40:22.035591+00:00 [queued]>
[2025-07-01T03:40:23.837+0000] {taskinstance.py:2865} INFO - Starting attempt 1 of 1
[2025-07-01T03:40:23.868+0000] {taskinstance.py:2888} INFO - Executing <Task(PythonOperator): extract_raw_data> on 2025-07-01 03:40:22.035591+00:00
[2025-07-01T03:40:23.876+0000] {warnings.py:112} WARNING - /home/***/.local/lib/python3.12/site-packages/***/task/task_runner/standard_task_runner.py:70: DeprecationWarning: This process (pid=2163) is multi-threaded, use of fork() may lead to deadlocks in the child.
  pid = os.fork()

[2025-07-01T03:40:23.879+0000] {standard_task_runner.py:72} INFO - Started process 2165 to run task
[2025-07-01T03:40:23.881+0000] {standard_task_runner.py:104} INFO - Running: ['***', 'tasks', 'run', 'extract_raw_data_pipeline', 'extract_raw_data', 'manual__2025-07-01T03:40:22.035591+00:00', '--job-id', '17', '--raw', '--subdir', 'DAGS_FOLDER/driven_data_pipeline.py', '--cfg-path', '/tmp/tmpf4mguj89']
[2025-07-01T03:40:23.884+0000] {standard_task_runner.py:105} INFO - Job 17: Subtask extract_raw_data
[2025-07-01T03:40:23.994+0000] {task_command.py:467} INFO - Running <TaskInstance: extract_raw_data_pipeline.extract_raw_data manual__2025-07-01T03:40:22.035591+00:00 [running]> on host 8eddfe292772
[2025-07-01T03:40:24.292+0000] {taskinstance.py:3131} INFO - Exporting env vars: AIRFLOW_CTX_DAG_OWNER='***' AIRFLOW_CTX_DAG_ID='extract_raw_data_pipeline' AIRFLOW_CTX_TASK_ID='extract_raw_data' AIRFLOW_CTX_EXECUTION_DATE='2025-07-01T03:40:22.035591+00:00' AIRFLOW_CTX_TRY_NUMBER='1' AIRFLOW_CTX_DAG_RUN_ID='manual__2025-07-01T03:40:22.035591+00:00'
[2025-07-01T03:40:24.296+0000] {taskinstance.py:731} INFO - ::endgroup::
[2025-07-01T03:40:24.321+0000] {logging_mixin.py:190} INFO - Extrayendo y guardando datos...
[2025-07-01T03:40:24.322+0000] {python.py:240} INFO - Done. Returned value was: None
[2025-07-01T03:40:24.346+0000] {taskinstance.py:340} INFO - ::group::Post task execution logs
[2025-07-01T03:40:24.348+0000] {taskinstance.py:352} INFO - Marking task as SUCCESS. dag_id=extract_raw_data_pipeline, task_id=extract_raw_data, run_id=manual__2025-07-01T03:40:22.035591+00:00, execution_date=20250701T034022, start_date=20250701T034023, end_date=20250701T034024
[2025-07-01T03:40:24.424+0000] {local_task_job_runner.py:266} INFO - Task exited with return code 0
[2025-07-01T03:40:24.446+0000] {warnings.py:112} WARNING - /home/***/.local/lib/python3.12/site-packages/***/models/baseoperator.py:1378: AirflowProviderDeprecationWarning: Call to deprecated class PostgresOperator. (Please use `***.providers.common.sql.operators.sql.SQLExecuteQueryOperator`.Also, you can provide `hook_params={'schema': <database>}`.)
  result = cls.__new__(cls)

[2025-07-01T03:40:24.509+0000] {taskinstance.py:3900} INFO - 1 downstream tasks scheduled from follow-on schedule check
[2025-07-01T03:40:24.529+0000] {local_task_job_runner.py:245} INFO - ::endgroup::
