[2025-07-01T08:16:16.100+0000] {local_task_job_runner.py:123} INFO - ::group::Pre task execution logs
[2025-07-01T08:16:16.213+0000] {taskinstance.py:2612} INFO - Dependencies all met for dep_context=non-requeueable deps ti=<TaskInstance: extract_raw_data_pipeline.extract_raw_data scheduled__2025-06-30T07:00:00+00:00 [queued]>
[2025-07-01T08:16:16.283+0000] {taskinstance.py:2612} INFO - Dependencies all met for dep_context=requeueable deps ti=<TaskInstance: extract_raw_data_pipeline.extract_raw_data scheduled__2025-06-30T07:00:00+00:00 [queued]>
[2025-07-01T08:16:16.296+0000] {taskinstance.py:2865} INFO - Starting attempt 1 of 1
[2025-07-01T08:16:16.415+0000] {taskinstance.py:2888} INFO - Executing <Task(PythonOperator): extract_raw_data> on 2025-06-30 07:00:00+00:00
[2025-07-01T08:16:16.466+0000] {warnings.py:112} WARNING - /home/***/.local/lib/python3.12/site-packages/***/task/task_runner/standard_task_runner.py:70: DeprecationWarning: This process (pid=2282) is multi-threaded, use of fork() may lead to deadlocks in the child.
  pid = os.fork()

[2025-07-01T08:16:16.521+0000] {standard_task_runner.py:72} INFO - Started process 2284 to run task
[2025-07-01T08:16:16.530+0000] {standard_task_runner.py:104} INFO - Running: ['***', 'tasks', 'run', 'extract_raw_data_pipeline', 'extract_raw_data', 'scheduled__2025-06-30T07:00:00+00:00', '--job-id', '22', '--raw', '--subdir', 'DAGS_FOLDER/driven_data_pipeline.py', '--cfg-path', '/tmp/tmps_wzwpx5']
[2025-07-01T08:16:16.538+0000] {standard_task_runner.py:105} INFO - Job 22: Subtask extract_raw_data
[2025-07-01T08:16:17.128+0000] {task_command.py:467} INFO - Running <TaskInstance: extract_raw_data_pipeline.extract_raw_data scheduled__2025-06-30T07:00:00+00:00 [running]> on host 8eddfe292772
[2025-07-01T08:16:17.788+0000] {taskinstance.py:3131} INFO - Exporting env vars: AIRFLOW_CTX_DAG_OWNER='***' AIRFLOW_CTX_DAG_ID='extract_raw_data_pipeline' AIRFLOW_CTX_TASK_ID='extract_raw_data' AIRFLOW_CTX_EXECUTION_DATE='2025-06-30T07:00:00+00:00' AIRFLOW_CTX_TRY_NUMBER='1' AIRFLOW_CTX_DAG_RUN_ID='scheduled__2025-06-30T07:00:00+00:00'
[2025-07-01T08:16:17.803+0000] {taskinstance.py:731} INFO - ::endgroup::
[2025-07-01T08:16:17.956+0000] {logging_mixin.py:190} INFO - Extrayendo y guardando datos...
[2025-07-01T08:16:17.969+0000] {python.py:240} INFO - Done. Returned value was: None
[2025-07-01T08:16:18.057+0000] {taskinstance.py:340} INFO - ::group::Post task execution logs
[2025-07-01T08:16:18.059+0000] {taskinstance.py:352} INFO - Marking task as SUCCESS. dag_id=extract_raw_data_pipeline, task_id=extract_raw_data, run_id=scheduled__2025-06-30T07:00:00+00:00, execution_date=20250630T070000, start_date=20250701T081616, end_date=20250701T081618
[2025-07-01T08:16:18.196+0000] {local_task_job_runner.py:266} INFO - Task exited with return code 0
[2025-07-01T08:16:18.233+0000] {warnings.py:112} WARNING - /home/***/.local/lib/python3.12/site-packages/***/models/baseoperator.py:1378: AirflowProviderDeprecationWarning: Call to deprecated class PostgresOperator. (Please use `***.providers.common.sql.operators.sql.SQLExecuteQueryOperator`.Also, you can provide `hook_params={'schema': <database>}`.)
  result = cls.__new__(cls)

[2025-07-01T08:16:18.363+0000] {taskinstance.py:3900} INFO - 1 downstream tasks scheduled from follow-on schedule check
[2025-07-01T08:16:18.368+0000] {local_task_job_runner.py:245} INFO - ::endgroup::
