[2025-07-01T22:37:13.798+0000] {local_task_job_runner.py:123} INFO - ::group::Pre task execution logs
[2025-07-01T22:37:13.852+0000] {taskinstance.py:2612} INFO - Dependencies all met for dep_context=non-requeueable deps ti=<TaskInstance: extract_raw_data_pipeline.extract_raw_data manual__2025-07-01T22:37:11.560034+00:00 [queued]>
[2025-07-01T22:37:13.874+0000] {taskinstance.py:2612} INFO - Dependencies all met for dep_context=requeueable deps ti=<TaskInstance: extract_raw_data_pipeline.extract_raw_data manual__2025-07-01T22:37:11.560034+00:00 [queued]>
[2025-07-01T22:37:13.876+0000] {taskinstance.py:2865} INFO - Starting attempt 1 of 1
[2025-07-01T22:37:13.906+0000] {taskinstance.py:2888} INFO - Executing <Task(PythonOperator): extract_raw_data> on 2025-07-01 22:37:11.560034+00:00
[2025-07-01T22:37:13.918+0000] {warnings.py:112} WARNING - /home/***/.local/lib/python3.12/site-packages/***/task/task_runner/standard_task_runner.py:70: DeprecationWarning: This process (pid=135) is multi-threaded, use of fork() may lead to deadlocks in the child.
  pid = os.fork()

[2025-07-01T22:37:13.921+0000] {standard_task_runner.py:72} INFO - Started process 137 to run task
[2025-07-01T22:37:13.921+0000] {standard_task_runner.py:104} INFO - Running: ['***', 'tasks', 'run', 'extract_raw_data_pipeline', 'extract_raw_data', 'manual__2025-07-01T22:37:11.560034+00:00', '--job-id', '7', '--raw', '--subdir', 'DAGS_FOLDER/driven_data_pipeline.py', '--cfg-path', '/tmp/tmp4nrccc2y']
[2025-07-01T22:37:13.924+0000] {standard_task_runner.py:105} INFO - Job 7: Subtask extract_raw_data
[2025-07-01T22:37:14.058+0000] {task_command.py:467} INFO - Running <TaskInstance: extract_raw_data_pipeline.extract_raw_data manual__2025-07-01T22:37:11.560034+00:00 [running]> on host 72d0a62e40be
[2025-07-01T22:37:14.202+0000] {taskinstance.py:3131} INFO - Exporting env vars: AIRFLOW_CTX_DAG_OWNER='***' AIRFLOW_CTX_DAG_ID='extract_raw_data_pipeline' AIRFLOW_CTX_TASK_ID='extract_raw_data' AIRFLOW_CTX_EXECUTION_DATE='2025-07-01T22:37:11.560034+00:00' AIRFLOW_CTX_TRY_NUMBER='1' AIRFLOW_CTX_DAG_RUN_ID='manual__2025-07-01T22:37:11.560034+00:00'
[2025-07-01T22:37:14.204+0000] {taskinstance.py:731} INFO - ::endgroup::
[2025-07-01T22:37:15.010+0000] {logging_mixin.py:190} INFO - ✅ Raw data generated and saved to /opt/***/data/raw_data.csv
[2025-07-01T22:37:15.011+0000] {python.py:240} INFO - Done. Returned value was: None
[2025-07-01T22:37:15.025+0000] {taskinstance.py:340} INFO - ::group::Post task execution logs
[2025-07-01T22:37:15.026+0000] {taskinstance.py:352} INFO - Marking task as SUCCESS. dag_id=extract_raw_data_pipeline, task_id=extract_raw_data, run_id=manual__2025-07-01T22:37:11.560034+00:00, execution_date=20250701T223711, start_date=20250701T223713, end_date=20250701T223715
[2025-07-01T22:37:15.076+0000] {local_task_job_runner.py:266} INFO - Task exited with return code 0
[2025-07-01T22:37:15.107+0000] {taskinstance.py:3900} INFO - 0 downstream tasks scheduled from follow-on schedule check
[2025-07-01T22:37:15.115+0000] {local_task_job_runner.py:245} INFO - ::endgroup::
