[2025-07-02T02:24:17.423+0000] {local_task_job_runner.py:123} INFO - ::group::Pre task execution logs
[2025-07-02T02:24:17.446+0000] {taskinstance.py:2612} INFO - Dependencies all met for dep_context=non-requeueable deps ti=<TaskInstance: extract_raw_data_pipeline.run_dbt_trusted manual__2025-07-02T02:24:04.928009+00:00 [queued]>
[2025-07-02T02:24:17.458+0000] {taskinstance.py:2612} INFO - Dependencies all met for dep_context=requeueable deps ti=<TaskInstance: extract_raw_data_pipeline.run_dbt_trusted manual__2025-07-02T02:24:04.928009+00:00 [queued]>
[2025-07-02T02:24:17.459+0000] {taskinstance.py:2865} INFO - Starting attempt 1 of 1
[2025-07-02T02:24:17.479+0000] {taskinstance.py:2888} INFO - Executing <Task(BashOperator): run_dbt_trusted> on 2025-07-02 02:24:04.928009+00:00
[2025-07-02T02:24:17.486+0000] {warnings.py:112} WARNING - /home/***/.local/lib/python3.12/site-packages/***/task/task_runner/standard_task_runner.py:70: DeprecationWarning: This process (pid=203) is multi-threaded, use of fork() may lead to deadlocks in the child.
  pid = os.fork()

[2025-07-02T02:24:17.488+0000] {standard_task_runner.py:104} INFO - Running: ['***', 'tasks', 'run', 'extract_raw_data_pipeline', 'run_dbt_trusted', 'manual__2025-07-02T02:24:04.928009+00:00', '--job-id', '17', '--raw', '--subdir', 'DAGS_FOLDER/driven_data_pipeline.py', '--cfg-path', '/tmp/tmpglabjjy0']
[2025-07-02T02:24:17.489+0000] {standard_task_runner.py:72} INFO - Started process 204 to run task
[2025-07-02T02:24:17.489+0000] {standard_task_runner.py:105} INFO - Job 17: Subtask run_dbt_trusted
[2025-07-02T02:24:17.539+0000] {task_command.py:467} INFO - Running <TaskInstance: extract_raw_data_pipeline.run_dbt_trusted manual__2025-07-02T02:24:04.928009+00:00 [running]> on host 3256dfb9308a
[2025-07-02T02:24:17.616+0000] {taskinstance.py:3131} INFO - Exporting env vars: AIRFLOW_CTX_DAG_OWNER='***' AIRFLOW_CTX_DAG_ID='extract_raw_data_pipeline' AIRFLOW_CTX_TASK_ID='run_dbt_trusted' AIRFLOW_CTX_EXECUTION_DATE='2025-07-02T02:24:04.928009+00:00' AIRFLOW_CTX_TRY_NUMBER='1' AIRFLOW_CTX_DAG_RUN_ID='manual__2025-07-02T02:24:04.928009+00:00'
[2025-07-02T02:24:17.617+0000] {taskinstance.py:731} INFO - ::endgroup::
[2025-07-02T02:24:17.629+0000] {subprocess.py:63} INFO - Tmp dir root location: /tmp
[2025-07-02T02:24:17.631+0000] {subprocess.py:75} INFO - Running command: ['/usr/bin/bash', '-c', 'set -x; cd /opt/***/dbt && dbt run --select tag:trusted']
[2025-07-02T02:24:17.643+0000] {subprocess.py:86} INFO - Output:
[2025-07-02T02:24:17.647+0000] {subprocess.py:93} INFO - + cd /opt/***/dbt
[2025-07-02T02:24:17.648+0000] {subprocess.py:93} INFO - + dbt run --select tag:trusted
[2025-07-02T02:24:19.559+0000] {subprocess.py:93} INFO - [0m02:24:19  Running with dbt=1.8.0
[2025-07-02T02:24:19.874+0000] {subprocess.py:93} INFO - [0m02:24:19  Registered adapter: postgres=1.8.2
[2025-07-02T02:24:20.492+0000] {subprocess.py:93} INFO - [0m02:24:20  Found 9 models, 10 sources, 428 macros
[2025-07-02T02:24:20.498+0000] {subprocess.py:93} INFO - [0m02:24:20
[2025-07-02T02:24:20.705+0000] {subprocess.py:93} INFO - [0m02:24:20  Concurrency: 1 threads (target='dev')
[2025-07-02T02:24:20.706+0000] {subprocess.py:93} INFO - [0m02:24:20
[2025-07-02T02:24:20.718+0000] {subprocess.py:93} INFO - [0m02:24:20  1 of 4 START sql table model driven_trusted.non_pii_data ....................... [RUN]
[2025-07-02T02:24:20.813+0000] {subprocess.py:93} INFO - [0m02:24:20  1 of 4 ERROR creating sql table model driven_trusted.non_pii_data .............. [[31mERROR[0m in 0.09s]
[2025-07-02T02:24:20.818+0000] {subprocess.py:93} INFO - [0m02:24:20  2 of 4 START sql table model driven_trusted.payment_data ....................... [RUN]
[2025-07-02T02:24:20.937+0000] {subprocess.py:93} INFO - [0m02:24:20  2 of 4 OK created sql table model driven_trusted.payment_data .................. [[32mSELECT 20[0m in 0.12s]
[2025-07-02T02:24:20.941+0000] {subprocess.py:93} INFO - [0m02:24:20  3 of 4 START sql table model driven_trusted.pii_data ........................... [RUN]
[2025-07-02T02:24:21.001+0000] {subprocess.py:93} INFO - [0m02:24:21  3 of 4 ERROR creating sql table model driven_trusted.pii_data .................. [[31mERROR[0m in 0.06s]
[2025-07-02T02:24:21.006+0000] {subprocess.py:93} INFO - [0m02:24:21  4 of 4 START sql table model driven_trusted.technical_data ..................... [RUN]
[2025-07-02T02:24:21.093+0000] {subprocess.py:93} INFO - [0m02:24:21  4 of 4 OK created sql table model driven_trusted.technical_data ................ [[32mSELECT 20[0m in 0.08s]
[2025-07-02T02:24:21.114+0000] {subprocess.py:93} INFO - [0m02:24:21
[2025-07-02T02:24:21.115+0000] {subprocess.py:93} INFO - [0m02:24:21  Finished running 4 table models in 0 hours 0 minutes and 0.62 seconds (0.62s).
[2025-07-02T02:24:21.195+0000] {subprocess.py:93} INFO - [0m02:24:21
[2025-07-02T02:24:21.197+0000] {subprocess.py:93} INFO - [0m02:24:21  [31mCompleted with 2 errors and 0 warnings:[0m
[2025-07-02T02:24:21.198+0000] {subprocess.py:93} INFO - [0m02:24:21
[2025-07-02T02:24:21.198+0000] {subprocess.py:93} INFO - [0m02:24:21    Database Error in model trusted_non_pii_data (models/trusted_non_pii_data.sql)
[2025-07-02T02:24:21.199+0000] {subprocess.py:93} INFO -   relation "driven_staging.dim_date" does not exist
[2025-07-02T02:24:21.199+0000] {subprocess.py:93} INFO -   LINE 37:  "***"."driven_staging"."dim_date" dd ON da.unique_id =
[2025-07-02T02:24:21.200+0000] {subprocess.py:93} INFO -             ^
[2025-07-02T02:24:21.200+0000] {subprocess.py:93} INFO -   compiled code at target/run/dbt_driven_data/models/trusted_non_pii_data.sql
[2025-07-02T02:24:21.201+0000] {subprocess.py:93} INFO - [0m02:24:21
[2025-07-02T02:24:21.201+0000] {subprocess.py:93} INFO - [0m02:24:21    Database Error in model trusted_pii_data (models/trusted_pii_data.sql)
[2025-07-02T02:24:21.202+0000] {subprocess.py:93} INFO -   relation "driven_staging.dim_date" does not exist
[2025-07-02T02:24:21.202+0000] {subprocess.py:93} INFO -   LINE 37:  "***"."driven_staging"."dim_date" dd ON da.unique_id =
[2025-07-02T02:24:21.203+0000] {subprocess.py:93} INFO -             ^
[2025-07-02T02:24:21.204+0000] {subprocess.py:93} INFO -   compiled code at target/run/dbt_driven_data/models/trusted_pii_data.sql
[2025-07-02T02:24:21.205+0000] {subprocess.py:93} INFO - [0m02:24:21
[2025-07-02T02:24:21.206+0000] {subprocess.py:93} INFO - [0m02:24:21  Done. PASS=2 WARN=0 ERROR=2 SKIP=0 TOTAL=4
[2025-07-02T02:24:21.799+0000] {subprocess.py:97} INFO - Command exited with return code 1
[2025-07-02T02:24:21.814+0000] {taskinstance.py:3310} ERROR - Task failed with exception
Traceback (most recent call last):
  File "/home/airflow/.local/lib/python3.12/site-packages/airflow/models/taskinstance.py", line 767, in _execute_task
    result = _execute_callable(context=context, **execute_callable_kwargs)
             ^^^^^^^^^^^^^^^^^^^^^^^^^^^^^^^^^^^^^^^^^^^^^^^^^^^^^^^^^^^^^
  File "/home/airflow/.local/lib/python3.12/site-packages/airflow/models/taskinstance.py", line 733, in _execute_callable
    return ExecutionCallableRunner(
           ^^^^^^^^^^^^^^^^^^^^^^^^
  File "/home/airflow/.local/lib/python3.12/site-packages/airflow/utils/operator_helpers.py", line 252, in run
    return self.func(*args, **kwargs)
           ^^^^^^^^^^^^^^^^^^^^^^^^^^
  File "/home/airflow/.local/lib/python3.12/site-packages/airflow/models/baseoperator.py", line 406, in wrapper
    return func(self, *args, **kwargs)
           ^^^^^^^^^^^^^^^^^^^^^^^^^^^
  File "/home/airflow/.local/lib/python3.12/site-packages/airflow/operators/bash.py", line 249, in execute
    raise AirflowException(
airflow.exceptions.AirflowException: Bash command failed. The command returned a non-zero exit code 1.
[2025-07-02T02:24:21.821+0000] {taskinstance.py:1225} INFO - Marking task as FAILED. dag_id=extract_raw_data_pipeline, task_id=run_dbt_trusted, run_id=manual__2025-07-02T02:24:04.928009+00:00, execution_date=20250702T022404, start_date=20250702T022417, end_date=20250702T022421
[2025-07-02T02:24:21.840+0000] {taskinstance.py:340} INFO - ::group::Post task execution logs
[2025-07-02T02:24:21.842+0000] {standard_task_runner.py:124} ERROR - Failed to execute job 17 for task run_dbt_trusted (Bash command failed. The command returned a non-zero exit code 1.; 204)
Traceback (most recent call last):
  File "/home/airflow/.local/lib/python3.12/site-packages/airflow/task/task_runner/standard_task_runner.py", line 117, in _start_by_fork
    ret = args.func(args, dag=self.dag)
          ^^^^^^^^^^^^^^^^^^^^^^^^^^^^^
  File "/home/airflow/.local/lib/python3.12/site-packages/airflow/cli/cli_config.py", line 49, in command
    return func(*args, **kwargs)
           ^^^^^^^^^^^^^^^^^^^^^
  File "/home/airflow/.local/lib/python3.12/site-packages/airflow/utils/cli.py", line 115, in wrapper
    return f(*args, **kwargs)
           ^^^^^^^^^^^^^^^^^^
  File "/home/airflow/.local/lib/python3.12/site-packages/airflow/cli/commands/task_command.py", line 483, in task_run
    task_return_code = _run_task_by_selected_method(args, _dag, ti)
                       ^^^^^^^^^^^^^^^^^^^^^^^^^^^^^^^^^^^^^^^^^^^^
  File "/home/airflow/.local/lib/python3.12/site-packages/airflow/cli/commands/task_command.py", line 256, in _run_task_by_selected_method
    return _run_raw_task(args, ti)
           ^^^^^^^^^^^^^^^^^^^^^^^
  File "/home/airflow/.local/lib/python3.12/site-packages/airflow/cli/commands/task_command.py", line 341, in _run_raw_task
    return ti._run_raw_task(
           ^^^^^^^^^^^^^^^^^
  File "/home/airflow/.local/lib/python3.12/site-packages/airflow/utils/session.py", line 97, in wrapper
    return func(*args, session=session, **kwargs)
           ^^^^^^^^^^^^^^^^^^^^^^^^^^^^^^^^^^^^^^
  File "/home/airflow/.local/lib/python3.12/site-packages/airflow/models/taskinstance.py", line 3004, in _run_raw_task
    return _run_raw_task(
           ^^^^^^^^^^^^^^
  File "/home/airflow/.local/lib/python3.12/site-packages/airflow/models/taskinstance.py", line 273, in _run_raw_task
    TaskInstance._execute_task_with_callbacks(
  File "/home/airflow/.local/lib/python3.12/site-packages/airflow/models/taskinstance.py", line 3158, in _execute_task_with_callbacks
    result = self._execute_task(context, task_orig)
             ^^^^^^^^^^^^^^^^^^^^^^^^^^^^^^^^^^^^^^
  File "/home/airflow/.local/lib/python3.12/site-packages/airflow/models/taskinstance.py", line 3182, in _execute_task
    return _execute_task(self, context, task_orig)
           ^^^^^^^^^^^^^^^^^^^^^^^^^^^^^^^^^^^^^^^
  File "/home/airflow/.local/lib/python3.12/site-packages/airflow/models/taskinstance.py", line 767, in _execute_task
    result = _execute_callable(context=context, **execute_callable_kwargs)
             ^^^^^^^^^^^^^^^^^^^^^^^^^^^^^^^^^^^^^^^^^^^^^^^^^^^^^^^^^^^^^
  File "/home/airflow/.local/lib/python3.12/site-packages/airflow/models/taskinstance.py", line 733, in _execute_callable
    return ExecutionCallableRunner(
           ^^^^^^^^^^^^^^^^^^^^^^^^
  File "/home/airflow/.local/lib/python3.12/site-packages/airflow/utils/operator_helpers.py", line 252, in run
    return self.func(*args, **kwargs)
           ^^^^^^^^^^^^^^^^^^^^^^^^^^
  File "/home/airflow/.local/lib/python3.12/site-packages/airflow/models/baseoperator.py", line 406, in wrapper
    return func(self, *args, **kwargs)
           ^^^^^^^^^^^^^^^^^^^^^^^^^^^
  File "/home/airflow/.local/lib/python3.12/site-packages/airflow/operators/bash.py", line 249, in execute
    raise AirflowException(
airflow.exceptions.AirflowException: Bash command failed. The command returned a non-zero exit code 1.
[2025-07-02T02:24:21.890+0000] {local_task_job_runner.py:266} INFO - Task exited with return code 1
[2025-07-02T02:24:21.910+0000] {taskinstance.py:3900} INFO - 0 downstream tasks scheduled from follow-on schedule check
[2025-07-02T02:24:21.915+0000] {local_task_job_runner.py:245} INFO - ::endgroup::
