[2025-07-02T18:01:00.104+0000] {local_task_job_runner.py:123} INFO - ::group::Pre task execution logs
[2025-07-02T18:01:00.270+0000] {taskinstance.py:2612} INFO - Dependencies all met for dep_context=non-requeueable deps ti=<TaskInstance: extract_raw_data_pipeline.run_dbt_staging scheduled__2025-07-01T07:59:00+00:00 [queued]>
[2025-07-02T18:01:00.361+0000] {taskinstance.py:2612} INFO - Dependencies all met for dep_context=requeueable deps ti=<TaskInstance: extract_raw_data_pipeline.run_dbt_staging scheduled__2025-07-01T07:59:00+00:00 [queued]>
[2025-07-02T18:01:00.404+0000] {taskinstance.py:2865} INFO - Starting attempt 1 of 1
[2025-07-02T18:01:00.549+0000] {taskinstance.py:2888} INFO - Executing <Task(BashOperator): run_dbt_staging> on 2025-07-01 07:59:00+00:00
[2025-07-02T18:01:00.614+0000] {warnings.py:112} WARNING - /home/***/.local/lib/python3.12/site-packages/***/task/task_runner/standard_task_runner.py:70: DeprecationWarning: This process (pid=1430) is multi-threaded, use of fork() may lead to deadlocks in the child.
  pid = os.fork()

[2025-07-02T18:01:00.637+0000] {standard_task_runner.py:104} INFO - Running: ['***', 'tasks', 'run', 'extract_raw_data_pipeline', 'run_dbt_staging', 'scheduled__2025-07-01T07:59:00+00:00', '--job-id', '38', '--raw', '--subdir', 'DAGS_FOLDER/driven_data_pipeline.py', '--cfg-path', '/tmp/tmpmj6nzgln']
[2025-07-02T18:01:00.673+0000] {standard_task_runner.py:105} INFO - Job 38: Subtask run_dbt_staging
[2025-07-02T18:01:00.649+0000] {standard_task_runner.py:72} INFO - Started process 1434 to run task
[2025-07-02T18:01:01.170+0000] {task_command.py:467} INFO - Running <TaskInstance: extract_raw_data_pipeline.run_dbt_staging scheduled__2025-07-01T07:59:00+00:00 [running]> on host 3256dfb9308a
[2025-07-02T18:01:01.885+0000] {taskinstance.py:3131} INFO - Exporting env vars: AIRFLOW_CTX_DAG_OWNER='***' AIRFLOW_CTX_DAG_ID='extract_raw_data_pipeline' AIRFLOW_CTX_TASK_ID='run_dbt_staging' AIRFLOW_CTX_EXECUTION_DATE='2025-07-01T07:59:00+00:00' AIRFLOW_CTX_TRY_NUMBER='1' AIRFLOW_CTX_DAG_RUN_ID='scheduled__2025-07-01T07:59:00+00:00'
[2025-07-02T18:01:01.919+0000] {taskinstance.py:731} INFO - ::endgroup::
[2025-07-02T18:01:02.053+0000] {subprocess.py:63} INFO - Tmp dir root location: /tmp
[2025-07-02T18:01:02.082+0000] {subprocess.py:75} INFO - Running command: ['/usr/bin/bash', '-c', 'set -x; cd /opt/***/dbt && dbt run --select tag:staging']
[2025-07-02T18:01:02.175+0000] {subprocess.py:86} INFO - Output:
[2025-07-02T18:01:02.208+0000] {subprocess.py:93} INFO - + cd /opt/***/dbt
[2025-07-02T18:01:02.248+0000] {subprocess.py:93} INFO - + dbt run --select tag:staging
[2025-07-02T18:01:20.442+0000] {subprocess.py:93} INFO - [0m18:01:20  Running with dbt=1.8.0
[2025-07-02T18:01:21.435+0000] {subprocess.py:93} INFO - [0m18:01:21  Registered adapter: postgres=1.8.2
[2025-07-02T18:01:22.985+0000] {subprocess.py:93} INFO - [0m18:01:22  Found 9 models, 10 sources, 428 macros
[2025-07-02T18:01:22.999+0000] {subprocess.py:93} INFO - [0m18:01:22
[2025-07-02T18:01:23.395+0000] {subprocess.py:93} INFO - [0m18:01:23  Concurrency: 1 threads (target='dev')
[2025-07-02T18:01:23.402+0000] {subprocess.py:93} INFO - [0m18:01:23
[2025-07-02T18:01:23.440+0000] {subprocess.py:93} INFO - [0m18:01:23  1 of 5 START sql table model driven_staging.dim_address ........................ [RUN]
[2025-07-02T18:01:23.905+0000] {subprocess.py:93} INFO - [0m18:01:23  1 of 5 ERROR creating sql table model driven_staging.dim_address ............... [[31mERROR[0m in 0.45s]
[2025-07-02T18:01:23.914+0000] {subprocess.py:93} INFO - [0m18:01:23  2 of 5 START sql table model driven_staging.dim_date ........................... [RUN]
[2025-07-02T18:01:24.262+0000] {subprocess.py:93} INFO - [0m18:01:24  2 of 5 ERROR creating sql table model driven_staging.dim_date .................. [[31mERROR[0m in 0.34s]
[2025-07-02T18:01:24.279+0000] {subprocess.py:93} INFO - [0m18:01:24  3 of 5 START sql table model driven_staging.dim_finance ........................ [RUN]
[2025-07-02T18:01:24.535+0000] {subprocess.py:93} INFO - [0m18:01:24  3 of 5 ERROR creating sql table model driven_staging.dim_finance ............... [[31mERROR[0m in 0.25s]
[2025-07-02T18:01:24.550+0000] {subprocess.py:93} INFO - [0m18:01:24  4 of 5 START sql table model driven_staging.dim_person ......................... [RUN]
[2025-07-02T18:01:24.932+0000] {subprocess.py:93} INFO - [0m18:01:24  4 of 5 OK created sql table model driven_staging.dim_person .................... [[32mSELECT 60[0m in 0.37s]
[2025-07-02T18:01:24.941+0000] {subprocess.py:93} INFO - [0m18:01:24  5 of 5 START sql table model driven_staging.fact_network_usage ................. [RUN]
[2025-07-02T18:01:25.178+0000] {subprocess.py:93} INFO - [0m18:01:25  5 of 5 ERROR creating sql table model driven_staging.fact_network_usage ........ [[31mERROR[0m in 0.23s]
[2025-07-02T18:01:25.248+0000] {subprocess.py:93} INFO - [0m18:01:25
[2025-07-02T18:01:25.264+0000] {subprocess.py:93} INFO - [0m18:01:25  Finished running 5 table models in 0 hours 0 minutes and 2.25 seconds (2.25s).
[2025-07-02T18:01:25.579+0000] {subprocess.py:93} INFO - [0m18:01:25
[2025-07-02T18:01:25.581+0000] {subprocess.py:93} INFO - [0m18:01:25  [31mCompleted with 4 errors and 0 warnings:[0m
[2025-07-02T18:01:25.586+0000] {subprocess.py:93} INFO - [0m18:01:25
[2025-07-02T18:01:25.589+0000] {subprocess.py:93} INFO - [0m18:01:25    Database Error in model staging_dim_address (models/staging_dim_address.sql)
[2025-07-02T18:01:25.593+0000] {subprocess.py:93} INFO -   relation "dim_address__dbt_backup" already exists
[2025-07-02T18:01:25.597+0000] {subprocess.py:93} INFO -   compiled code at target/run/dbt_driven_data/models/staging_dim_address.sql
[2025-07-02T18:01:25.598+0000] {subprocess.py:93} INFO - [0m18:01:25
[2025-07-02T18:01:25.600+0000] {subprocess.py:93} INFO - [0m18:01:25    Database Error in model staging_dim_date (models/staging_dim_date.sql)
[2025-07-02T18:01:25.601+0000] {subprocess.py:93} INFO -   relation "dim_date__dbt_backup" already exists
[2025-07-02T18:01:25.602+0000] {subprocess.py:93} INFO -   compiled code at target/run/dbt_driven_data/models/staging_dim_date.sql
[2025-07-02T18:01:25.604+0000] {subprocess.py:93} INFO - [0m18:01:25
[2025-07-02T18:01:25.605+0000] {subprocess.py:93} INFO - [0m18:01:25    Database Error in model staging_dim_finance (models/staging_dim_finance.sql)
[2025-07-02T18:01:25.606+0000] {subprocess.py:93} INFO -   relation "dim_finance__dbt_backup" already exists
[2025-07-02T18:01:25.608+0000] {subprocess.py:93} INFO -   compiled code at target/run/dbt_driven_data/models/staging_dim_finance.sql
[2025-07-02T18:01:25.609+0000] {subprocess.py:93} INFO - [0m18:01:25
[2025-07-02T18:01:25.613+0000] {subprocess.py:93} INFO - [0m18:01:25    Database Error in model staging_fact_network_usage (models/staging_fact_network_usage.sql)
[2025-07-02T18:01:25.615+0000] {subprocess.py:93} INFO -   relation "fact_network_usage__dbt_backup" already exists
[2025-07-02T18:01:25.618+0000] {subprocess.py:93} INFO -   compiled code at target/run/dbt_driven_data/models/staging_fact_network_usage.sql
[2025-07-02T18:01:25.621+0000] {subprocess.py:93} INFO - [0m18:01:25
[2025-07-02T18:01:25.623+0000] {subprocess.py:93} INFO - [0m18:01:25  Done. PASS=1 WARN=0 ERROR=4 SKIP=0 TOTAL=5
[2025-07-02T18:01:26.624+0000] {subprocess.py:97} INFO - Command exited with return code 1
[2025-07-02T18:01:26.652+0000] {taskinstance.py:3310} ERROR - Task failed with exception
Traceback (most recent call last):
  File "/home/airflow/.local/lib/python3.12/site-packages/airflow/models/taskinstance.py", line 767, in _execute_task
    result = _execute_callable(context=context, **execute_callable_kwargs)
             ^^^^^^^^^^^^^^^^^^^^^^^^^^^^^^^^^^^^^^^^^^^^^^^^^^^^^^^^^^^^^
  File "/home/airflow/.local/lib/python3.12/site-packages/airflow/models/taskinstance.py", line 733, in _execute_callable
    return ExecutionCallableRunner(
           ^^^^^^^^^^^^^^^^^^^^^^^^
  File "/home/airflow/.local/lib/python3.12/site-packages/airflow/utils/operator_helpers.py", line 252, in run
    return self.func(*args, **kwargs)
           ^^^^^^^^^^^^^^^^^^^^^^^^^^
  File "/home/airflow/.local/lib/python3.12/site-packages/airflow/models/baseoperator.py", line 406, in wrapper
    return func(self, *args, **kwargs)
           ^^^^^^^^^^^^^^^^^^^^^^^^^^^
  File "/home/airflow/.local/lib/python3.12/site-packages/airflow/operators/bash.py", line 249, in execute
    raise AirflowException(
airflow.exceptions.AirflowException: Bash command failed. The command returned a non-zero exit code 1.
[2025-07-02T18:01:26.664+0000] {taskinstance.py:1225} INFO - Marking task as FAILED. dag_id=extract_raw_data_pipeline, task_id=run_dbt_staging, run_id=scheduled__2025-07-01T07:59:00+00:00, execution_date=20250701T075900, start_date=20250702T180100, end_date=20250702T180126
[2025-07-02T18:01:26.708+0000] {taskinstance.py:340} INFO - ::group::Post task execution logs
[2025-07-02T18:01:26.717+0000] {standard_task_runner.py:124} ERROR - Failed to execute job 38 for task run_dbt_staging (Bash command failed. The command returned a non-zero exit code 1.; 1434)
Traceback (most recent call last):
  File "/home/airflow/.local/lib/python3.12/site-packages/airflow/task/task_runner/standard_task_runner.py", line 117, in _start_by_fork
    ret = args.func(args, dag=self.dag)
          ^^^^^^^^^^^^^^^^^^^^^^^^^^^^^
  File "/home/airflow/.local/lib/python3.12/site-packages/airflow/cli/cli_config.py", line 49, in command
    return func(*args, **kwargs)
           ^^^^^^^^^^^^^^^^^^^^^
  File "/home/airflow/.local/lib/python3.12/site-packages/airflow/utils/cli.py", line 115, in wrapper
    return f(*args, **kwargs)
           ^^^^^^^^^^^^^^^^^^
  File "/home/airflow/.local/lib/python3.12/site-packages/airflow/cli/commands/task_command.py", line 483, in task_run
    task_return_code = _run_task_by_selected_method(args, _dag, ti)
                       ^^^^^^^^^^^^^^^^^^^^^^^^^^^^^^^^^^^^^^^^^^^^
  File "/home/airflow/.local/lib/python3.12/site-packages/airflow/cli/commands/task_command.py", line 256, in _run_task_by_selected_method
    return _run_raw_task(args, ti)
           ^^^^^^^^^^^^^^^^^^^^^^^
  File "/home/airflow/.local/lib/python3.12/site-packages/airflow/cli/commands/task_command.py", line 341, in _run_raw_task
    return ti._run_raw_task(
           ^^^^^^^^^^^^^^^^^
  File "/home/airflow/.local/lib/python3.12/site-packages/airflow/utils/session.py", line 97, in wrapper
    return func(*args, session=session, **kwargs)
           ^^^^^^^^^^^^^^^^^^^^^^^^^^^^^^^^^^^^^^
  File "/home/airflow/.local/lib/python3.12/site-packages/airflow/models/taskinstance.py", line 3004, in _run_raw_task
    return _run_raw_task(
           ^^^^^^^^^^^^^^
  File "/home/airflow/.local/lib/python3.12/site-packages/airflow/models/taskinstance.py", line 273, in _run_raw_task
    TaskInstance._execute_task_with_callbacks(
  File "/home/airflow/.local/lib/python3.12/site-packages/airflow/models/taskinstance.py", line 3158, in _execute_task_with_callbacks
    result = self._execute_task(context, task_orig)
             ^^^^^^^^^^^^^^^^^^^^^^^^^^^^^^^^^^^^^^
  File "/home/airflow/.local/lib/python3.12/site-packages/airflow/models/taskinstance.py", line 3182, in _execute_task
    return _execute_task(self, context, task_orig)
           ^^^^^^^^^^^^^^^^^^^^^^^^^^^^^^^^^^^^^^^
  File "/home/airflow/.local/lib/python3.12/site-packages/airflow/models/taskinstance.py", line 767, in _execute_task
    result = _execute_callable(context=context, **execute_callable_kwargs)
             ^^^^^^^^^^^^^^^^^^^^^^^^^^^^^^^^^^^^^^^^^^^^^^^^^^^^^^^^^^^^^
  File "/home/airflow/.local/lib/python3.12/site-packages/airflow/models/taskinstance.py", line 733, in _execute_callable
    return ExecutionCallableRunner(
           ^^^^^^^^^^^^^^^^^^^^^^^^
  File "/home/airflow/.local/lib/python3.12/site-packages/airflow/utils/operator_helpers.py", line 252, in run
    return self.func(*args, **kwargs)
           ^^^^^^^^^^^^^^^^^^^^^^^^^^
  File "/home/airflow/.local/lib/python3.12/site-packages/airflow/models/baseoperator.py", line 406, in wrapper
    return func(self, *args, **kwargs)
           ^^^^^^^^^^^^^^^^^^^^^^^^^^^
  File "/home/airflow/.local/lib/python3.12/site-packages/airflow/operators/bash.py", line 249, in execute
    raise AirflowException(
airflow.exceptions.AirflowException: Bash command failed. The command returned a non-zero exit code 1.
[2025-07-02T18:01:26.775+0000] {local_task_job_runner.py:266} INFO - Task exited with return code 1
[2025-07-02T18:01:26.823+0000] {taskinstance.py:3900} INFO - 0 downstream tasks scheduled from follow-on schedule check
[2025-07-02T18:01:26.857+0000] {local_task_job_runner.py:245} INFO - ::endgroup::
