[2025-07-02T18:01:15.598+0000] {local_task_job_runner.py:123} INFO - ::group::Pre task execution logs
[2025-07-02T18:01:15.818+0000] {taskinstance.py:2612} INFO - Dependencies all met for dep_context=non-requeueable deps ti=<TaskInstance: extract_raw_data_pipeline.extract_raw_data scheduled__2025-07-02T07:58:00+00:00 [queued]>
[2025-07-02T18:01:15.896+0000] {taskinstance.py:2612} INFO - Dependencies all met for dep_context=requeueable deps ti=<TaskInstance: extract_raw_data_pipeline.extract_raw_data scheduled__2025-07-02T07:58:00+00:00 [queued]>
[2025-07-02T18:01:15.899+0000] {taskinstance.py:2865} INFO - Starting attempt 1 of 1
[2025-07-02T18:01:16.149+0000] {taskinstance.py:2888} INFO - Executing <Task(PythonOperator): extract_raw_data> on 2025-07-02 07:58:00+00:00
[2025-07-02T18:01:16.205+0000] {warnings.py:112} WARNING - /home/***/.local/lib/python3.12/site-packages/***/task/task_runner/standard_task_runner.py:70: DeprecationWarning: This process (pid=1442) is multi-threaded, use of fork() may lead to deadlocks in the child.
  pid = os.fork()

[2025-07-02T18:01:16.235+0000] {standard_task_runner.py:72} INFO - Started process 1457 to run task
[2025-07-02T18:01:16.248+0000] {standard_task_runner.py:104} INFO - Running: ['***', 'tasks', 'run', 'extract_raw_data_pipeline', 'extract_raw_data', 'scheduled__2025-07-02T07:58:00+00:00', '--job-id', '43', '--raw', '--subdir', 'DAGS_FOLDER/driven_data_pipeline.py', '--cfg-path', '/tmp/tmpgc4dr8u9']
[2025-07-02T18:01:16.254+0000] {standard_task_runner.py:105} INFO - Job 43: Subtask extract_raw_data
[2025-07-02T18:01:17.079+0000] {task_command.py:467} INFO - Running <TaskInstance: extract_raw_data_pipeline.extract_raw_data scheduled__2025-07-02T07:58:00+00:00 [running]> on host 3256dfb9308a
[2025-07-02T18:01:18.091+0000] {taskinstance.py:3131} INFO - Exporting env vars: AIRFLOW_CTX_DAG_OWNER='***' AIRFLOW_CTX_DAG_ID='extract_raw_data_pipeline' AIRFLOW_CTX_TASK_ID='extract_raw_data' AIRFLOW_CTX_EXECUTION_DATE='2025-07-02T07:58:00+00:00' AIRFLOW_CTX_TRY_NUMBER='1' AIRFLOW_CTX_DAG_RUN_ID='scheduled__2025-07-02T07:58:00+00:00'
[2025-07-02T18:01:18.095+0000] {taskinstance.py:731} INFO - ::endgroup::
[2025-07-02T18:01:21.109+0000] {logging_mixin.py:190} INFO - ✅ Raw data generated and saved to /opt/***/data/raw_data.csv
[2025-07-02T18:01:21.110+0000] {python.py:240} INFO - Done. Returned value was: None
[2025-07-02T18:01:21.145+0000] {taskinstance.py:340} INFO - ::group::Post task execution logs
[2025-07-02T18:01:21.146+0000] {taskinstance.py:352} INFO - Marking task as SUCCESS. dag_id=extract_raw_data_pipeline, task_id=extract_raw_data, run_id=scheduled__2025-07-02T07:58:00+00:00, execution_date=20250702T075800, start_date=20250702T180115, end_date=20250702T180121
[2025-07-02T18:01:21.257+0000] {local_task_job_runner.py:266} INFO - Task exited with return code 0
[2025-07-02T18:01:21.344+0000] {taskinstance.py:3900} INFO - 1 downstream tasks scheduled from follow-on schedule check
[2025-07-02T18:01:21.347+0000] {standard_task_runner.py:217} INFO - Process not found (most likely exited), stop collecting metrics
[2025-07-02T18:01:21.351+0000] {local_task_job_runner.py:245} INFO - ::endgroup::
